Component: ARM Compiler 5.06 update 5 (build 528) Tool: armlink [4d35e2]

==============================================================================

Section Cross References

    startup_stm32f10x_md.o(STACK) refers (Special) to heapauxi.o(.text) for __use_two_region_memory
    startup_stm32f10x_md.o(HEAP) refers (Special) to heapauxi.o(.text) for __use_two_region_memory
    startup_stm32f10x_md.o(RESET) refers (Special) to heapauxi.o(.text) for __use_two_region_memory
    startup_stm32f10x_md.o(RESET) refers to startup_stm32f10x_md.o(STACK) for __initial_sp
    startup_stm32f10x_md.o(RESET) refers to startup_stm32f10x_md.o(.text) for Reset_Handler
    startup_stm32f10x_md.o(RESET) refers to stm32f10x_it.o(i.NMI_Handler) for NMI_Handler
    startup_stm32f10x_md.o(RESET) refers to stm32f10x_it.o(i.HardFault_Handler) for HardFault_Handler
    startup_stm32f10x_md.o(RESET) refers to stm32f10x_it.o(i.MemManage_Handler) for MemManage_Handler
    startup_stm32f10x_md.o(RESET) refers to stm32f10x_it.o(i.BusFault_Handler) for BusFault_Handler
    startup_stm32f10x_md.o(RESET) refers to stm32f10x_it.o(i.UsageFault_Handler) for UsageFault_Handler
    startup_stm32f10x_md.o(RESET) refers to stm32f10x_it.o(i.SVC_Handler) for SVC_Handler
    startup_stm32f10x_md.o(RESET) refers to stm32f10x_it.o(i.DebugMon_Handler) for DebugMon_Handler
    startup_stm32f10x_md.o(RESET) refers to stm32f10x_it.o(i.PendSV_Handler) for PendSV_Handler
    startup_stm32f10x_md.o(RESET) refers to stm32f10x_it.o(i.SysTick_Handler) for SysTick_Handler
    startup_stm32f10x_md.o(.text) refers (Special) to heapauxi.o(.text) for __use_two_region_memory
    startup_stm32f10x_md.o(.text) refers to system_stm32f10x.o(i.SystemInit) for SystemInit
    startup_stm32f10x_md.o(.text) refers to __main.o(!!!main) for __main
    startup_stm32f10x_md.o(.text) refers to startup_stm32f10x_md.o(HEAP) for Heap_Mem
    startup_stm32f10x_md.o(.text) refers to startup_stm32f10x_md.o(STACK) for Stack_Mem
    system_stm32f10x.o(i.SetSysClock) refers to system_stm32f10x.o(i.SetSysClockTo72) for SetSysClockTo72
    system_stm32f10x.o(i.SystemCoreClockUpdate) refers to system_stm32f10x.o(.data) for SystemCoreClock
    system_stm32f10x.o(i.SystemInit) refers to system_stm32f10x.o(i.SetSysClock) for SetSysClock
    stm32f10x_adc.o(i.ADC_DeInit) refers to stm32f10x_rcc.o(i.RCC_APB2PeriphResetCmd) for RCC_APB2PeriphResetCmd
    stm32f10x_bkp.o(i.BKP_DeInit) refers to stm32f10x_rcc.o(i.RCC_BackupResetCmd) for RCC_BackupResetCmd
    stm32f10x_can.o(i.CAN_DeInit) refers to stm32f10x_rcc.o(i.RCC_APB1PeriphResetCmd) for RCC_APB1PeriphResetCmd
    stm32f10x_can.o(i.CAN_GetITStatus) refers to stm32f10x_can.o(i.CheckITStatus) for CheckITStatus
    stm32f10x_cec.o(i.CEC_DeInit) refers to stm32f10x_rcc.o(i.RCC_APB1PeriphResetCmd) for RCC_APB1PeriphResetCmd
    stm32f10x_dac.o(i.DAC_DeInit) refers to stm32f10x_rcc.o(i.RCC_APB1PeriphResetCmd) for RCC_APB1PeriphResetCmd
    stm32f10x_flash.o(i.FLASH_EnableWriteProtection) refers to stm32f10x_flash.o(i.FLASH_WaitForLastOperation) for FLASH_WaitForLastOperation
    stm32f10x_flash.o(i.FLASH_EraseAllBank1Pages) refers to stm32f10x_flash.o(i.FLASH_WaitForLastBank1Operation) for FLASH_WaitForLastBank1Operation
    stm32f10x_flash.o(i.FLASH_EraseAllPages) refers to stm32f10x_flash.o(i.FLASH_WaitForLastOperation) for FLASH_WaitForLastOperation
    stm32f10x_flash.o(i.FLASH_EraseOptionBytes) refers to stm32f10x_flash.o(i.FLASH_GetReadOutProtectionStatus) for FLASH_GetReadOutProtectionStatus
    stm32f10x_flash.o(i.FLASH_EraseOptionBytes) refers to stm32f10x_flash.o(i.FLASH_WaitForLastOperation) for FLASH_WaitForLastOperation
    stm32f10x_flash.o(i.FLASH_ErasePage) refers to stm32f10x_flash.o(i.FLASH_WaitForLastOperation) for FLASH_WaitForLastOperation
    stm32f10x_flash.o(i.FLASH_ProgramHalfWord) refers to stm32f10x_flash.o(i.FLASH_WaitForLastOperation) for FLASH_WaitForLastOperation
    stm32f10x_flash.o(i.FLASH_ProgramOptionByteData) refers to stm32f10x_flash.o(i.FLASH_WaitForLastOperation) for FLASH_WaitForLastOperation
    stm32f10x_flash.o(i.FLASH_ProgramWord) refers to stm32f10x_flash.o(i.FLASH_WaitForLastOperation) for FLASH_WaitForLastOperation
    stm32f10x_flash.o(i.FLASH_ReadOutProtection) refers to stm32f10x_flash.o(i.FLASH_WaitForLastOperation) for FLASH_WaitForLastOperation
    stm32f10x_flash.o(i.FLASH_UserOptionByteConfig) refers to stm32f10x_flash.o(i.FLASH_WaitForLastOperation) for FLASH_WaitForLastOperation
    stm32f10x_flash.o(i.FLASH_WaitForLastBank1Operation) refers to stm32f10x_flash.o(i.FLASH_GetBank1Status) for FLASH_GetBank1Status
    stm32f10x_flash.o(i.FLASH_WaitForLastOperation) refers to stm32f10x_flash.o(i.FLASH_GetBank1Status) for FLASH_GetBank1Status
    stm32f10x_gpio.o(i.GPIO_AFIODeInit) refers to stm32f10x_rcc.o(i.RCC_APB2PeriphResetCmd) for RCC_APB2PeriphResetCmd
    stm32f10x_gpio.o(i.GPIO_DeInit) refers to stm32f10x_rcc.o(i.RCC_APB2PeriphResetCmd) for RCC_APB2PeriphResetCmd
[...]
    i.atan                                   0x08002770   Section        0  atan.o(i.atan)
    i.atan2                                  0x08002990   Section        0  atan2.o(i.atan2)
    i.decode_gesture                         0x08002b10   Section        0  inv_mpu_dmp_motion_driver.o(i.decode_gesture)
    decode_gesture                           0x08002b11   Thumb Code    94  inv_mpu_dmp_motion_driver.o(i.decode_gesture)
    i.delay_ms                               0x08002b74   Section        0  delay.o(i.delay_ms)
    i.delay_us                               0x08002b8c   Section        0  delay.o(i.delay_us)
    i.dmp_enable_6x_lp_quat                  0x08002bba   Section        0  inv_mpu_dmp_motion_driver.o(i.dmp_enable_6x_lp_quat)
    i.dmp_enable_feature                     0x08002bf8   Section        0  inv_mpu_dmp_motion_driver.o(i.dmp_enable_feature)
    i.dmp_enable_gyro_cal                    0x08002e14   Section        0  inv_mpu_dmp_motion_driver.o(i.dmp_enable_gyro_cal)
    i.dmp_enable_lp_quat                     0x08002e6c   Section        0  inv_mpu_dmp_motion_driver.o(i.dmp_enable_lp_quat)
    i.dmp_load_motion_driver_firmware        0x08002ea8   Section        0  inv_mpu_dmp_motion_driver.o(i.dmp_load_motion_driver_firmware)
    i.dmp_read_fifo                          0x08002ec0   Section        0  inv_mpu_dmp_motion_driver.o(i.dmp_read_fifo)
    i.dmp_set_accel_bias                     0x0800308c   Section        0  inv_mpu_dmp_motion_driver.o(i.dmp_set_accel_bias)
    i.dmp_set_fifo_rate                      0x080031bc   Section        0  inv_mpu_dmp_motion_driver.o(i.dmp_set_fifo_rate)
    i.dmp_set_gyro_bias                      0x0800322c   Section        0  inv_mpu_dmp_motion_driver.o(i.dmp_set_gyro_bias)
    i.dmp_set_orientation                    0x0800335c   Section        0  inv_mpu_dmp_motion_driver.o(i.dmp_set_orientation)
    i.dmp_set_shake_reject_thresh            0x08003494   Section        0  inv_mpu_dmp_motion_driver.o(i.dmp_set_shake_reject_thresh)
    i.dmp_set_shake_reject_time              0x080034cc   Section        0  inv_mpu_dmp_motion_driver.o(i.dmp_set_shake_reject_time)
    i.dmp_set_shake_reject_timeout           0x080034f2   Section        0  inv_mpu_dmp_motion_driver.o(i.dmp_set_shake_reject_timeout)
    i.dmp_set_tap_axes                       0x08003518   Section        0  inv_mpu_dmp_motion_driver.o(i.dmp_set_tap_axes)
    i.dmp_set_tap_count                      0x0800355e   Section        0  inv_mpu_dmp_motion_driver.o(i.dmp_set_tap_count)
    i.dmp_set_tap_thresh                     0x08003584   Section        0  inv_mpu_dmp_motion_driver.o(i.dmp_set_tap_thresh)
    i.dmp_set_tap_time                       0x08003724   Section        0  inv_mpu_dmp_motion_driver.o(i.dmp_set_tap_time)
    i.dmp_set_tap_time_multi                 0x0800374a   Section        0  inv_mpu_dmp_motion_driver.o(i.dmp_set_tap_time_multi)
    i.fputc                                  0x08003770   Section        0  usart.o(i.fputc)
    i.get_accel_prod_shift                   0x0800378c   Section        0  inv_mpu.o(i.get_accel_prod_shift)
    get_accel_prod_shift                     0x0800378d   Thumb Code   168  inv_mpu.o(i.get_accel_prod_shift)
    i.get_st_biases                          0x08003840   Section        0  inv_mpu.o(i.get_st_biases)
    get_st_biases                            0x08003841   Thumb Code  1132  inv_mpu.o(i.get_st_biases)
    i.gyro_self_test                         0x08003cb0   Section        0  inv_mpu.o(i.gyro_self_test)
    gyro_self_test                           0x08003cb1   Thumb Code   256  inv_mpu.o(i.gyro_self_test)
    i.inv_orientation_matrix_to_scalar       0x08003dc0   Section        0  inv_mpu.o(i.inv_orientation_matrix_to_scalar)
    i.inv_row_2_scale                        0x08003de8   Section        0  inv_mpu.o(i.inv_row_2_scale)
    i.main                                   0x08003e38   Section        0  main.o(i.main)
    i.mget_ms                                0x08003f24   Section        0  inv_mpu.o(i.mget_ms)
    i.mpu_configure_fifo                     0x08003f28   Section        0  inv_mpu.o(i.mpu_configure_fifo)
    i.mpu_dmp_get_data                       0x08003f98   Section        0  inv_mpu.o(i.mpu_dmp_get_data)
    i.mpu_dmp_init                           0x080041bc   Section        0  inv_mpu.o(i.mpu_dmp_init)
    i.mpu_get_accel_fsr                      0x08004254   Section        0  inv_mpu.o(i.mpu_get_accel_fsr)
    i.mpu_get_accel_sens                     0x080042a0   Section        0  inv_mpu.o(i.mpu_get_accel_sens)
    i.mpu_get_fifo_config                    0x080042f4   Section        0  inv_mpu.o(i.mpu_get_fifo_config)
    i.mpu_get_gyro_fsr                       0x08004304   Section        0  inv_mpu.o(i.mpu_get_gyro_fsr)
    i.mpu_get_gyro_sens                      0x08004348   Section        0  inv_mpu.o(i.mpu_get_gyro_sens)
    i.mpu_get_lpf                            0x08004398   Section        0  inv_mpu.o(i.mpu_get_lpf)
    i.mpu_get_sample_rate                    0x080043e8   Section        0  inv_mpu.o(i.mpu_get_sample_rate)
    i.mpu_init                               0x08004408   Section        0  inv_mpu.o(i.mpu_init)
    i.mpu_load_firmware                      0x080045f8   Section        0  inv_mpu.o(i.mpu_load_firmware)
    i.mpu_lp_accel_mode                      0x080046b0   Section        0  inv_mpu.o(i.mpu_lp_accel_mode)
    i.mpu_read_fifo_stream                   0x08004790   Section        0  inv_mpu.o(i.mpu_read_fifo_stream)
    i.mpu_read_mem                           0x08004850   Section        0  inv_mpu.o(i.mpu_read_mem)
    i.mpu_reset_fifo                         0x080048d0   Section        0  inv_mpu.o(i.mpu_reset_fifo)
    i.mpu_run_self_test                      0x08004a98   Section        0  inv_mpu.o(i.mpu_run_self_test)
    i.mpu_set_accel_fsr                      0x08004bb4   Section        0  inv_mpu.o(i.mpu_set_accel_fsr)
    i.mpu_set_bypass                         0x08004c38   Section        0  inv_mpu.o(i.mpu_set_bypass)
    i.mpu_set_dmp_state                      0x08004d84   Section        0  inv_mpu.o(i.mpu_set_dmp_state)
    i.mpu_set_gyro_fsr                       0x08004e14   Section        0  inv_mpu.o(i.mpu_set_gyro_fsr)
    i.mpu_set_int_latched                    0x08004e9c   Section        0  inv_mpu.o(i.mpu_set_int_latched)
    i.mpu_set_lpf                            0x08004f08   Section        0  inv_mpu.o(i.mpu_set_lpf)
    i.mpu_set_sample_rate                    0x08004f8c   Section        0  inv_mpu.o(i.mpu_set_sample_rate)
    i.mpu_set_sensors                        0x08005028   Section        0  inv_mpu.o(i.mpu_set_sensors)
    i.mpu_write_mem                          0x080050f8   Section        0  inv_mpu.o(i.mpu_write_mem)
    i.run_self_test                          0x08005178   Section        0  inv_mpu.o(i.run_self_test)
    i.set_int_enable                         0x0800520c   Section        0  inv_mpu.o(i.set_int_enable)
    set_int_enable                           0x0800520d   Thumb Code   138  inv_mpu.o(i.set_int_enable)
    i.sqrt                                   0x0800529c   Section        0  sqrt.o(i.sqrt)
    i.uart1_init                             0x080052e8   Section        0  usart.o(i.uart1_init)
    locale$$code                             0x0800536c   Section       44  lc_numeric_c.o(locale$$code)
    x$fpl$d2f                                0x08005398   Section       98  d2f.o(x$fpl$d2f)
    x$fpl$dadd                               0x080053fc   Section      336  daddsub_clz.o(x$fpl$dadd)
    _dadd1                                   0x0800540d   Thumb Code     0  daddsub_clz.o(x$fpl$dadd)
    x$fpl$dcheck1                            0x0800554c   Section       16  dcheck1.o(x$fpl$dcheck1)
    x$fpl$ddiv                               0x0800555c   Section      688  ddiv.o(x$fpl$ddiv)
    ddiv_entry                               0x08005563   Thumb Code     0  ddiv.o(x$fpl$ddiv)
    x$fpl$dmul                               0x0800580c   Section      340  dmul.o(x$fpl$dmul)
    x$fpl$dnaninf                            0x08005960   Section      156  dnaninf.o(x$fpl$dnaninf)
    x$fpl$dretinf                            0x080059fc   Section       12  dretinf.o(x$fpl$dretinf)
    x$fpl$drsb                               0x08005a08   Section       22  daddsub_clz.o(x$fpl$drsb)
    x$fpl$dsqrt                              0x08005a20   Section      460  dsqrt_noumaal.o(x$fpl$dsqrt)
    x$fpl$dsub                               0x08005bec   Section      468  daddsub_clz.o(x$fpl$dsub)
    _dsub1                                   0x08005bfd   Thumb Code     0  daddsub_clz.o(x$fpl$dsub)
    x$fpl$f2d                                0x08005dc0   Section       86  f2d.o(x$fpl$f2d)
    x$fpl$fadd                               0x08005e18   Section      196  faddsub_clz.o(x$fpl$fadd)
    _fadd1                                   0x08005e27   Thumb Code     0  faddsub_clz.o(x$fpl$fadd)
    x$fpl$fcmpinf                            0x08005edc   Section       24  fcmpi.o(x$fpl$fcmpinf)
    x$fpl$fdiv                               0x08005ef4   Section      388  fdiv.o(x$fpl$fdiv)
    _fdiv1                                   0x08005ef5   Thumb Code     0  fdiv.o(x$fpl$fdiv)
    x$fpl$feqf                               0x08006078   Section      104  feqf.o(x$fpl$feqf)
    x$fpl$ffix                               0x080060e0   Section       54  ffix.o(x$fpl$ffix)
    x$fpl$ffixu                              0x08006118   Section       62  ffixu.o(x$fpl$ffixu)
    x$fpl$fflt                               0x08006158   Section       48  fflt_clz.o(x$fpl$fflt)
    x$fpl$ffltu                              0x08006188   Section       38  fflt_clz.o(x$fpl$ffltu)
    x$fpl$fleqf                              0x080061b0   Section      104  fleqf.o(x$fpl$fleqf)
    x$fpl$fmul                               0x08006218   Section      258  fmul.o(x$fpl$fmul)
    x$fpl$fnaninf                            0x0800631a   Section      140  fnaninf.o(x$fpl$fnaninf)
    x$fpl$fretinf                            0x080063a6   Section       10  fretinf.o(x$fpl$fretinf)
    x$fpl$frleqf                             0x080063b0   Section       98  frleqf.o(x$fpl$frleqf)
    x$fpl$fsub                               0x08006414   Section      234  faddsub_clz.o(x$fpl$fsub)
    _fsub1                                   0x08006423   Thumb Code     0  faddsub_clz.o(x$fpl$fsub)
    x$fpl$printf1                            0x080064fe   Section        4  printf1.o(x$fpl$printf1)
    x$fpl$retnan                             0x08006502   Section      100  retnan.o(x$fpl$retnan)
    x$fpl$scalbn                             0x08006566   Section       92  scalbn.o(x$fpl$scalbn)
    x$fpl$trapveneer                         0x080065c2   Section       48  trapv.o(x$fpl$trapveneer)
    .constdata                               0x080065f2   Section     1520  oled.o(.constdata)
    x$fpl$usenofp                            0x080065f2   Section        0  usenofp.o(x$fpl$usenofp)
    .constdata                               0x08006be4   Section       80  inv_mpu.o(.constdata)
    .constdata                               0x08006c34   Section     3062  inv_mpu_dmp_motion_driver.o(.constdata)
    dmp_memory                               0x08006c34   Data        3062  inv_mpu_dmp_motion_driver.o(.constdata)
    .constdata                               0x0800782a   Section       17  __printf_flags_wp.o(.constdata)
    maptable                                 0x0800782a   Data          17  __printf_flags_wp.o(.constdata)
    .constdata                               0x08007840   Section       80  asin.o(.constdata)
    pS                                       0x08007840   Data          48  asin.o(.constdata)
    qS                                       0x08007870   Data          32  asin.o(.constdata)
    .constdata                               0x08007890   Section      152  atan.o(.constdata)
    atanhi                                   0x08007890   Data          32  atan.o(.constdata)
    atanlo                                   0x080078b0   Data          32  atan.o(.constdata)
    aTodd                                    0x080078d0   Data          40  atan.o(.constdata)
    aTeven                                   0x080078f8   Data          48  atan.o(.constdata)
    .constdata                               0x08007928   Section        8  qnan.o(.constdata)
    .constdata                               0x08007930   Section      148  bigflt0.o(.constdata)
    tenpwrs_x                                0x08007930   Data          60  bigflt0.o(.constdata)
    tenpwrs_i                                0x0800796c   Data          64  bigflt0.o(.constdata)
    .conststring                             0x080079c4   Section       77  inv_mpu.o(.conststring)
    locale$$data                             0x08007a34   Section       28  lc_numeric_c.o(locale$$data)
    __lcnum_c_name                           0x08007a38   Data           2  lc_numeric_c.o(locale$$data)
    __lcnum_c_start                          0x08007a40   Data           0  lc_numeric_c.o(locale$$data)
    __lcnum_c_point                          0x08007a4c   Data           0  lc_numeric_c.o(locale$$data)
    __lcnum_c_thousands                      0x08007a4e   Data           0  lc_numeric_c.o(locale$$data)
    __lcnum_c_grouping                       0x08007a4f   Data           0  lc_numeric_c.o(locale$$data)
    __lcnum_c_end                            0x08007a50   Data           0  lc_numeric_c.o(locale$$data)
    .data                                    0x20000000   Section       20  stm32f10x_rcc.o(.data)
    APBAHBPrescTable                         0x20000000   Data          16  stm32f10x_rcc.o(.data)
    ADCPrescTable                            0x20000010   Data           4  stm32f10x_rcc.o(.data)
    .data                                    0x20000014   Section        5  usart.o(.data)
    .data                                    0x2000001c   Section       12  main.o(.data)
    .data                                    0x20000028   Section       53  inv_mpu.o(.data)
    st                                       0x20000028   Data          44  inv_mpu.o(.data)
    gyro_orientation                         0x20000054   Data           9  inv_mpu.o(.data)
    .bss                                     0x20000060   Section       16  inv_mpu_dmp_motion_driver.o(.bss)
    dmp                                      0x20000060   Data          16  inv_mpu_dmp_motion_driver.o(.bss)
    .bss                                     0x20000070   Section       96  libspace.o(.bss)
    HEAP                                     0x200000d0   Section      512  startup_stm32f10x_md.o(HEAP)
    Heap_Mem                                 0x200000d0   Data         512  startup_stm32f10x_md.o(HEAP)
    STACK                                    0x200002d0   Section     1024  startup_stm32f10x_md.o(STACK)
    Stack_Mem                                0x200002d0   Data        1024  startup_stm32f10x_md.o(STACK)
    __initial_sp                             0x200006d0   Data           0  startup_stm32f10x_md.o(STACK)

    Global Symbols

    Symbol Name                              Value     Ov Type        Size  Object(Section)

    BuildAttributes$$THM_ISAv4$P$D$K$B$S$PE$A:L22UL41UL21$X:L11$S22US41US21$IEEE1$IW$USESV6$~STKCKD$USESV7$~SHL$OTIME$ROPI$IEEEX$EBA8$UX$STANDARDLIB$REQ8$PRES8$EABIv2 0x00000000   Number         0  anon$$obj.o ABSOLUTE
    __ARM_use_no_argv                        0x00000000   Number         0  main.o ABSOLUTE
    _printf_flags                            0x00000000   Number         0  printf_stubs.o ABSOLUTE
    _printf_return_value                     0x00000000   Number         0  printf_stubs.o ABSOLUTE
    _printf_sizespec                         0x00000000   Number         0  printf_stubs.o ABSOLUTE
    _printf_widthprec                        0x00000000   Number         0  printf_stubs.o ABSOLUTE
    __ARM_exceptions_init                     - Undefined Weak Reference
    __alloca_initialize                       - Undefined Weak Reference
    __arm_preinit_                            - Undefined Weak Reference
    __cpp_initialize__aeabi_                  - Undefined Weak Reference
    __cxa_finalize                            - Undefined Weak Reference
    __sigvec_lookup                           - Undefined Weak Reference
    _atexit_init                              - Undefined Weak Reference
    _call_atexit_fns                          - Undefined Weak Reference
    _clock_init                               - Undefined Weak Reference
    _fp_trap_init                             - Undefined Weak Reference
    _fp_trap_shutdown                         - Undefined Weak Reference
    _get_lc_collate                           - Undefined Weak Reference
    _get_lc_ctype                             - Undefined Weak Reference
    _get_lc_monetary                          - Undefined Weak Reference
    _get_lc_time                              - Undefined Weak Reference
    _getenv_init                              - Undefined Weak Reference
    _handle_redirection                       - Undefined Weak Reference
    _init_alloc                               - Undefined Weak Reference
    _init_user_alloc                          - Undefined Weak Reference
    _initio                                   - Undefined Weak Reference
    _mutex_acquire                            - Undefined Weak Reference
    _mutex_release                            - Undefined Weak Reference
    _printf_truncate_signed                   - Undefined Weak Reference
    _printf_truncate_unsigned                 - Undefined Weak Reference
    _rand_init                                - Undefined Weak Reference
    _signal_finish                            - Undefined Weak Reference
    _signal_init                              - Undefined Weak Reference
    _terminate_alloc                          - Undefined Weak Reference
    _terminate_user_alloc                     - Undefined Weak Reference
    _terminateio                              - Undefined Weak Reference
    __Vectors_Size                           0x000000ec   Number         0  startup_stm32f10x_md.o ABSOLUTE
    __Vectors                                0x08000000   Data           4  startup_stm32f10x_md.o(RESET)
    __Vectors_End                            0x080000ec   Data           0  startup_stm32f10x_md.o(RESET)
    __main                                   0x080000ed   Thumb Code     8  __main.o(!!!main)
    __scatterload                            0x080000f5   Thumb Code     0  __scatter.o(!!!scatter)
    __scatterload_rt2                        0x080000f5   Thumb Code    44  __scatter.o(!!!scatter)
    __scatterload_rt2_thumb_only             0x080000f5   Thumb Code     0  __scatter.o(!!!scatter)
    __scatterload_null                       0x08000103   Thumb Code     0  __scatter.o(!!!scatter)
    __scatterload_copy                       0x08000129   Thumb Code    26  __scatter_copy.o(!!handler_copy)
    __scatterload_zeroinit                   0x08000145   Thumb Code    28  __scatter_zi.o(!!handler_zi)
    _printf_f                                0x08000161   Thumb Code     0  _printf_f.o(.ARM.Collect$$_printf_percent$$00000003)
    _printf_percent                          0x08000161   Thumb Code     0  _printf_percent.o(.ARM.Collect$$_printf_percent$$00000000)
    _printf_d                                0x08000167   Thumb Code     0  _printf_d.o(.ARM.Collect$$_printf_percent$$00000009)
    _printf_percent_end                      0x0800016d   Thumb Code     0  _printf_percent_end.o(.ARM.Collect$$_printf_percent$$00000017)
    __rt_lib_init                            0x08000171   Thumb Code     0  libinit.o(.ARM.Collect$$libinit$$00000000)
    __rt_lib_init_fp_1                       0x08000173   Thumb Code     0  libinit2.o(.ARM.Collect$$libinit$$00000002)
    __rt_lib_init_heap_1                     0x08000173   Thumb Code     0  libinit2.o(.ARM.Collect$$libinit$$0000000A)
    __rt_lib_init_lc_common                  0x08000173   Thumb Code     0  libinit2.o(.ARM.Collect$$libinit$$0000000F)
    __rt_lib_init_preinit_1                  0x08000173   Thumb Code     0  libinit2.o(.ARM.Collect$$libinit$$00000004)
    __rt_lib_init_rand_1                     0x08000173   Thumb Code     0  libinit2.o(.ARM.Collect$$libinit$$0000000E)
    __rt_lib_init_user_alloc_1               0x08000173   Thumb Code     0  libinit2.o(.ARM.Collect$$libinit$$0000000C)
    __rt_lib_init_lc_collate_1               0x08000179   Thumb Code     0  libinit2.o(.ARM.Collect$$libinit$$00000011)
    __rt_lib_init_lc_ctype_1                 0x08000179   Thumb Code     0  libinit2.o(.ARM.Collect$$libinit$$00000013)
    __rt_lib_init_lc_monetary_1              0x08000179   Thumb Code     0  libinit2.o(.ARM.Collect$$libinit$$00000015)
    __rt_lib_init_lc_numeric_2               0x08000179   Thumb Code     0  libinit2.o(.ARM.Collect$$libinit$$00000016)
    __rt_lib_init_alloca_1                   0x08000183   Thumb Code     0  libinit2.o(.ARM.Collect$$libinit$$0000002E)
    __rt_lib_init_argv_1                     0x08000183   Thumb Code     0  libinit2.o(.ARM.Collect$$libinit$$0000002C)
    __rt_lib_init_atexit_1                   0x08000183   Thumb Code     0  libinit2.o(.ARM.Collect$$libinit$$0000001B)
    __rt_lib_init_clock_1                    0x08000183   Thumb Code     0  libinit2.o(.ARM.Collect$$libinit$$00000021)
    __rt_lib_init_cpp_1                      0x08000183   Thumb Code     0  libinit2.o(.ARM.Collect$$libinit$$00000032)
    __rt_lib_init_exceptions_1               0x08000183   Thumb Code     0  libinit2.o(.ARM.Collect$$libinit$$00000030)
    __rt_lib_init_fp_trap_1                  0x08000183   Thumb Code     0  libinit2.o(.ARM.Collect$$libinit$$0000001F)
    __rt_lib_init_getenv_1                   0x08000183   Thumb Code     0  libinit2.o(.ARM.Collect$$libinit$$00000023)
    __rt_lib_init_lc_numeric_1               0x08000183   Thumb Code     0  libinit2.o(.ARM.Collect$$libinit$$00000017)
    __rt_lib_init_lc_time_1                  0x08000183   Thumb Code     0  libinit2.o(.ARM.Collect$$libinit$$00000019)
    __rt_lib_init_return                     0x08000183   Thumb Code     0  libinit2.o(.ARM.Collect$$libinit$$00000033)
    __rt_lib_init_signal_1                   0x08000183   Thumb Code     0  libinit2.o(.ARM.Collect$$libinit$$0000001D)
    __rt_lib_init_stdio_1                    0x08000183   Thumb Code     0  libinit2.o(.ARM.Collect$$libinit$$00000025)
    __rt_lib_shutdown                        0x08000185   Thumb Code     0  libshutdown.o(.ARM.Collect$$libshutdown$$00000000)
    __rt_lib_shutdown_cpp_1                  0x08000187   Thumb Code     0  libshutdown2.o(.ARM.Collect$$libshutdown$$00000002)
    __rt_lib_shutdown_fp_trap_1              0x08000187   Thumb Code     0  libshutdown2.o(.ARM.Collect$$libshutdown$$00000007)
    __rt_lib_shutdown_heap_1                 0x08000187   Thumb Code     0  libshutdown2.o(.ARM.Collect$$libshutdown$$0000000F)
    __rt_lib_shutdown_return                 0x08000187   Thumb Code     0  libshutdown2.o(.ARM.Collect$$libshutdown$$00000010)
    __rt_lib_shutdown_signal_1               0x08000187   Thumb Code     0  libshutdown2.o(.ARM.Collect$$libshutdown$$0000000A)
    __rt_lib_shutdown_stdio_1                0x08000187   Thumb Code     0  libshutdown2.o(.ARM.Collect$$libshutdown$$00000004)
    __rt_lib_shutdown_user_alloc_1           0x08000187   Thumb Code     0  libshutdown2.o(.ARM.Collect$$libshutdown$$0000000C)
    __rt_entry                               0x08000189   Thumb Code     0  __rtentry.o(.ARM.Collect$$rtentry$$00000000)
    __rt_entry_presh_1                       0x08000189   Thumb Code     0  __rtentry2.o(.ARM.Collect$$rtentry$$00000002)
    __rt_entry_sh                            0x08000189   Thumb Code     0  __rtentry4.o(.ARM.Collect$$rtentry$$00000004)
    __rt_entry_li                            0x0800018f   Thumb Code     0  __rtentry2.o(.ARM.Collect$$rtentry$$0000000A)
    __rt_entry_postsh_1                      0x0800018f   Thumb Code     0  __rtentry2.o(.ARM.Collect$$rtentry$$00000009)
    __rt_entry_main                          0x08000193   Thumb Code     0  __rtentry2.o(.ARM.Collect$$rtentry$$0000000D)
    __rt_entry_postli_1                      0x08000193   Thumb Code     0  __rtentry2.o(.ARM.Collect$$rtentry$$0000000C)
    __rt_exit                                0x0800019b   Thumb Code     0  rtexit.o(.ARM.Collect$$rtexit$$00000000)
    __rt_exit_ls                             0x0800019d   Thumb Code     0  rtexit2.o(.ARM.Collect$$rtexit$$00000003)
    __rt_exit_prels_1                        0x0800019d   Thumb Code     0  rtexit2.o(.ARM.Collect$$rtexit$$00000002)
    __rt_exit_exit                           0x080001a1   Thumb Code     0  rtexit2.o(.ARM.Collect$$rtexit$$00000004)
    Reset_Handler                            0x080001a9   Thumb Code     8  startup_stm32f10x_md.o(.text)
    ADC1_2_IRQHandler                        0x080001c3   Thumb Code     0  startup_stm32f10x_md.o(.text)
    CAN1_RX1_IRQHandler                      0x080001c3   Thumb Code     0  startup_stm32f10x_md.o(.text)
    CAN1_SCE_IRQHandler                      0x080001c3   Thumb Code     0  startup_stm32f10x_md.o(.text)
    DMA1_Channel1_IRQHandler                 0x080001c3   Thumb Code     0  startup_stm32f10x_md.o(.text)
    DMA1_Channel2_IRQHandler                 0x080001c3   Thumb Code     0  startup_stm32f10x_md.o(.text)
    DMA1_Channel3_IRQHandler                 0x080001c3   Thumb Code     0  startup_stm32f10x_md.o(.text)
    DMA1_Channel4_IRQHandler                 0x080001c3   Thumb Code     0  startup_stm32f10x_md.o(.text)
    DMA1_Channel5_IRQHandler                 0x080001c3   Thumb Code     0  startup_stm32f10x_md.o(.text)
    DMA1_Channel6_IRQHandler                 0x080001c3   Thumb Code     0  startup_stm32f10x_md.o(.text)
    DMA1_Channel7_IRQHandler                 0x080001c3   Thumb Code     0  startup_stm32f10x_md.o(.text)
    EXTI0_IRQHandler                         0x080001c3   Thumb Code     0  startup_stm32f10x_md.o(.text)
    EXTI15_10_IRQHandler                     0x080001c3   Thumb Code     0  startup_stm32f10x_md.o(.text)
    EXTI1_IRQHandler                         0x080001c3   Thumb Code     0  startup_stm32f10x_md.o(.text)
    EXTI2_IRQHandler                         0x080001c3   Thumb Code     0  startup_stm32f10x_md.o(.text)
    EXTI3_IRQHandler                         0x080001c3   Thumb Code     0  startup_stm32f10x_md.o(.text)
    EXTI4_IRQHandler                         0x080001c3   Thumb Code     0  startup_stm32f10x_md.o(.text)
    EXTI9_5_IRQHandler                       0x080001c3   Thumb Code     0  startup_stm32f10x_md.o(.text)
    FLASH_IRQHandler                         0x080001c3   Thumb Code     0  startup_stm32f10x_md.o(.text)
    I2C1_ER_IRQHandler                       0x080001c3   Thumb Code     0  startup_stm32f10x_md.o(.text)
    I2C1_EV_IRQHandler                       0x080001c3   Thumb Code     0  startup_stm32f10x_md.o(.text)
    I2C2_ER_IRQHandler                       0x080001c3   Thumb Code     0  startup_stm32f10x_md.o(.text)
    I2C2_EV_IRQHandler                       0x080001c3   Thumb Code     0  startup_stm32f10x_md.o(.text)
    PVD_IRQHandler                           0x080001c3   Thumb Code     0  startup_stm32f10x_md.o(.text)
    RCC_IRQHandler                           0x080001c3   Thumb Code     0  startup_stm32f10x_md.o(.text)
    RTCAlarm_IRQHandler                      0x080001c3   Thumb Code     0  startup_stm32f10x_md.o(.text)
    RTC_IRQHandler                           0x080001c3   Thumb Code     0  startup_stm32f10x_md.o(.text)
    SPI1_IRQHandler                          0x080001c3   Thumb Code     0  startup_stm32f10x_md.o(.text)
    SPI2_IRQHandler                          0x080001c3   Thumb Code     0  startup_stm32f10x_md.o(.text)
    TAMPER_IRQHandler                        0x080001c3   Thumb Code     0  startup_stm32f10x_md.o(.text)
    TIM1_BRK_IRQHandler                      0x080001c3   Thumb Code     0  startup_stm32f10x_md.o(.text)
    TIM1_CC_IRQHandler                       0x080001c3   Thumb Code     0  startup_stm32f10x_md.o(.text)
    TIM1_TRG_COM_IRQHandler                  0x080001c3   Thumb Code     0  startup_stm32f10x_md.o(.text)
    TIM1_UP_IRQHandler                       0x080001c3   Thumb Code     0  startup_stm32f10x_md.o(.text)
    TIM2_IRQHandler                          0x080001c3   Thumb Code     0  startup_stm32f10x_md.o(.text)
    TIM3_IRQHandler                          0x080001c3   Thumb Code     0  startup_stm32f10x_md.o(.text)
    TIM4_IRQHandler                          0x080001c3   Thumb Code     0  startup_stm32f10x_md.o(.text)
    USART1_IRQHandler                        0x080001c3   Thumb Code     0  startup_stm32f10x_md.o(.text)
    USART2_IRQHandler                        0x080001c3   Thumb Code     0  startup_stm32f10x_md.o(.text)
    USART3_IRQHandler                        0x080001c3   Thumb Code     0  startup_stm32f10x_md.o(.text)
    USBWakeUp_IRQHandler                     0x080001c3   Thumb Code     0  startup_stm32f10x_md.o(.text)
    USB_HP_CAN1_TX_IRQHandler                0x080001c3   Thumb Code     0  startup_stm32f10x_md.o(.text)
    USB_LP_CAN1_RX0_IRQHandler               0x080001c3   Thumb Code     0  startup_stm32f10x_md.o(.text)
    WWDG_IRQHandler                          0x080001c3   Thumb Code     0  startup_stm32f10x_md.o(.text)
    __user_initial_stackheap                 0x080001c5   Thumb Code     0  startup_stm32f10x_md.o(.text)
    __use_no_semihosting                     0x080001e9   Thumb Code     2  use_no_semi_2.o(.text)
    __aeabi_ldivmod                          0x080001eb   Thumb Code     0  llsdiv.o(.text)
    _ll_sdiv                                 0x080001eb   Thumb Code    72  llsdiv.o(.text)
    __2printf                                0x08000235   Thumb Code    20  noretval__2printf.o(.text)
    _printf_int_dec                          0x0800024d   Thumb Code   104  _printf_dec.o(.text)
    __printf                                 0x080002c5   Thumb Code   308  __printf_flags_wp.o(.text)
    memcmp                                   0x080003fd   Thumb Code    88  memcmp.o(.text)
    __aeabi_memset                           0x08000455   Thumb Code    16  aeabi_memset.o(.text)
    __use_two_region_memory                  0x08000465   Thumb Code     2  heapauxi.o(.text)
    __rt_heap_escrow$2region                 0x08000467   Thumb Code     2  heapauxi.o(.text)
    __rt_heap_expand$2region                 0x08000469   Thumb Code     2  heapauxi.o(.text)
    __I$use$semihosting                      0x0800046b   Thumb Code     0  use_no_semi.o(.text)
    __use_no_semihosting_swi                 0x0800046b   Thumb Code     2  use_no_semi.o(.text)
    __aeabi_uldivmod                         0x0800046d   Thumb Code     0  lludivv7m.o(.text)
    _ll_udiv                                 0x0800046d   Thumb Code   238  lludivv7m.o(.text)
    __read_errno                             0x0800055b   Thumb Code    10  _rserrno.o(.text)
    __set_errno                              0x08000565   Thumb Code    12  _rserrno.o(.text)
    _printf_int_common                       0x08000571   Thumb Code   178  _printf_intcommon.o(.text)
    __lib_sel_fp_printf                      0x08000623   Thumb Code     2  _printf_fp_dec.o(.text)
    _printf_fp_dec_real                      0x080007d5   Thumb Code   620  _printf_fp_dec.o(.text)
    _printf_char_file                        0x08000a41   Thumb Code    32  _printf_char_file.o(.text)
    __aeabi_memclr                           0x08000a65   Thumb Code     0  rt_memclr.o(.text)
    __rt_memclr                              0x08000a65   Thumb Code    68  rt_memclr.o(.text)
    _memset                                  0x08000a69   Thumb Code     0  rt_memclr.o(.text)
    __rt_locale                              0x08000aa9   Thumb Code     8  rt_locale_intlibspace.o(.text)
    __aeabi_errno_addr                       0x08000ab1   Thumb Code     8  rt_errno_addr_intlibspace.o(.text)
    __errno$intlibspace                      0x08000ab1   Thumb Code     0  rt_errno_addr_intlibspace.o(.text)
    __rt_errno_addr$intlibspace              0x08000ab1   Thumb Code     0  rt_errno_addr_intlibspace.o(.text)
    _ll_udiv10                               0x08000ab9   Thumb Code   138  lludiv10.o(.text)
    _printf_char_common                      0x08000b4f   Thumb Code    32  _printf_char_common.o(.text)
    _printf_fp_infnan                        0x08000b75   Thumb Code   112  _printf_fp_infnan.o(.text)
    _btod_etento                             0x08000bf5   Thumb Code   224  bigflt0.o(.text)
    ferror                                   0x08000cd9   Thumb Code     8  ferror.o(.text)
    __aeabi_memclr4                          0x08000ce1   Thumb Code     0  rt_memclr_w.o(.text)
    __aeabi_memclr8                          0x08000ce1   Thumb Code     0  rt_memclr_w.o(.text)
    __rt_memclr_w                            0x08000ce1   Thumb Code    78  rt_memclr_w.o(.text)
    _memset_w                                0x08000ce5   Thumb Code     0  rt_memclr_w.o(.text)
    __user_libspace                          0x08000d31   Thumb Code     8  libspace.o(.text)
    __user_perproc_libspace                  0x08000d31   Thumb Code     0  libspace.o(.text)
    __user_perthread_libspace                0x08000d31   Thumb Code     0  libspace.o(.text)
    __user_setup_stackheap                   0x08000d39   Thumb Code    74  sys_stackheap_outer.o(.text)
    exit                                     0x08000d83   Thumb Code    18  exit.o(.text)
    strcmp                                   0x08000d95   Thumb Code   128  strcmpv7m.o(.text)
    _btod_d2e                                0x08000e15   Thumb Code    62  btod.o(CL$$btod_d2e)
    _d2e_denorm_low                          0x08000e53   Thumb Code    70  btod.o(CL$$btod_d2e_denorm_low)
    _d2e_norm_op1                            0x08000e99   Thumb Code    96  btod.o(CL$$btod_d2e_norm_op1)
    __btod_div_common                        0x08000ef9   Thumb Code   696  btod.o(CL$$btod_div_common)
    _e2e                                     0x08001231   Thumb Code   220  btod.o(CL$$btod_e2e)
    _btod_ediv                               0x0800130d   Thumb Code    42  btod.o(CL$$btod_ediv)
    _btod_emul                               0x08001337   Thumb Code    42  btod.o(CL$$btod_emul)
    __btod_mult_common                       0x08001361   Thumb Code   580  btod.o(CL$$btod_mult_common)
    BusFault_Handler                         0x080015a5   Thumb Code     4  stm32f10x_it.o(i.BusFault_Handler)
    DebugMon_Handler                         0x080015a9   Thumb Code     2  stm32f10x_it.o(i.DebugMon_Handler)
    GPIO_Init                                0x080015ab   Thumb Code   278  stm32f10x_gpio.o(i.GPIO_Init)
    GPIO_WriteBit                            0x080016c1   Thumb Code    10  stm32f10x_gpio.o(i.GPIO_WriteBit)
    HardFault_Handler                        0x080016cb   Thumb Code     4  stm32f10x_it.o(i.HardFault_Handler)
    MPU6050_IIC_SDA_IO_IN                    0x080016d1   Thumb Code    36  mpuiic.o(i.MPU6050_IIC_SDA_IO_IN)
    MPU6050_IIC_SDA_IO_OUT                   0x080016fd   Thumb Code    36  mpuiic.o(i.MPU6050_IIC_SDA_IO_OUT)
    MPU_IIC_Ack                              0x08001729   Thumb Code    44  mpuiic.o(i.MPU_IIC_Ack)
    MPU_IIC_Delay                            0x0800175d   Thumb Code    10  mpuiic.o(i.MPU_IIC_Delay)
    MPU_IIC_Init                             0x08001769   Thumb Code    36  mpuiic.o(i.MPU_IIC_Init)
    MPU_IIC_NAck                             0x08001795   Thumb Code    44  mpuiic.o(i.MPU_IIC_NAck)
    MPU_IIC_Read_Byte                        0x080017c9   Thumb Code    76  mpuiic.o(i.MPU_IIC_Read_Byte)
    MPU_IIC_Send_Byte                        0x0800181d   Thumb Code    62  mpuiic.o(i.MPU_IIC_Send_Byte)
    MPU_IIC_Start                            0x08001865   Thumb Code    42  mpuiic.o(i.MPU_IIC_Start)
    MPU_IIC_Stop                             0x08001899   Thumb Code    40  mpuiic.o(i.MPU_IIC_Stop)
    MPU_IIC_Wait_Ack                         0x080018c9   Thumb Code    68  mpuiic.o(i.MPU_IIC_Wait_Ack)
    MPU_Read_Len                             0x08001915   Thumb Code   116  mpu6050.o(i.MPU_Read_Len)
    MPU_Write_Len                            0x08001989   Thumb Code    96  mpu6050.o(i.MPU_Write_Len)
    MemManage_Handler                        0x080019e9   Thumb Code     4  stm32f10x_it.o(i.MemManage_Handler)
    NMI_Handler                              0x080019ed   Thumb Code     2  stm32f10x_it.o(i.NMI_Handler)
    OLED_Clear                               0x080019ef   Thumb Code    42  oled.o(i.OLED_Clear)
    OLED_I2C_Init                            0x08001a19   Thumb Code    76  oled.o(i.OLED_I2C_Init)
    OLED_I2C_SendByte                        0x08001a69   Thumb Code    80  oled.o(i.OLED_I2C_SendByte)
    OLED_I2C_Start                           0x08001abd   Thumb Code    48  oled.o(i.OLED_I2C_Start)
    OLED_I2C_Stop                            0x08001af1   Thumb Code    36  oled.o(i.OLED_I2C_Stop)
    OLED_Init                                0x08001b19   Thumb Code   174  oled.o(i.OLED_Init)
    OLED_Pow                                 0x08001bc7   Thumb Code    20  oled.o(i.OLED_Pow)
    OLED_SetCursor                           0x08001bdb   Thumb Code    34  oled.o(i.OLED_SetCursor)
    OLED_ShowChar                            0x08001bfd   Thumb Code   110  oled.o(i.OLED_ShowChar)
    OLED_ShowSignedNum                       0x08001c71   Thumb Code   102  oled.o(i.OLED_ShowSignedNum)
    OLED_WriteCommand                        0x08001cd7   Thumb Code    32  oled.o(i.OLED_WriteCommand)
    OLED_WriteData                           0x08001cf7   Thumb Code    32  oled.o(i.OLED_WriteData)
    PWM_Init                                 0x08001d19   Thumb Code   170  pwm.o(i.PWM_Init)
    PWM_SetCompare2                          0x08001dcd   Thumb Code    16  pwm.o(i.PWM_SetCompare2)
    PendSV_Handler                           0x08001ddd   Thumb Code     2  stm32f10x_it.o(i.PendSV_Handler)
    RCC_APB1PeriphClockCmd                   0x08001de1   Thumb Code    26  stm32f10x_rcc.o(i.RCC_APB1PeriphClockCmd)
    RCC_APB2PeriphClockCmd                   0x08001e01   Thumb Code    26  stm32f10x_rcc.o(i.RCC_APB2PeriphClockCmd)
    RCC_GetClocksFreq                        0x08001e21   Thumb Code   192  stm32f10x_rcc.o(i.RCC_GetClocksFreq)
    SVC_Handler                              0x08001ef5   Thumb Code     2  stm32f10x_it.o(i.SVC_Handler)
    Servo_Init                               0x08001ef7   Thumb Code     8  servo.o(i.Servo_Init)
    Servo_SetAngle                           0x08001f01   Thumb Code    48  servo.o(i.Servo_SetAngle)
    SysTick_Handler                          0x08002025   Thumb Code     2  stm32f10x_it.o(i.SysTick_Handler)
    SystemInit                               0x08002029   Thumb Code    78  system_stm32f10x.o(i.SystemInit)
    TIM_Cmd                                  0x08002089   Thumb Code    24  stm32f10x_tim.o(i.TIM_Cmd)
    TIM_InternalClockConfig                  0x080020a1   Thumb Code    12  stm32f10x_tim.o(i.TIM_InternalClockConfig)
    TIM_OC2Init                              0x080020ad   Thumb Code   154  stm32f10x_tim.o(i.TIM_OC2Init)
    TIM_OCStructInit                         0x08002151   Thumb Code    20  stm32f10x_tim.o(i.TIM_OCStructInit)
    TIM_SetCompare2                          0x08002165   Thumb Code     4  stm32f10x_tim.o(i.TIM_SetCompare2)
    TIM_TimeBaseInit                         0x08002169   Thumb Code   122  stm32f10x_tim.o(i.TIM_TimeBaseInit)
    USART_Cmd                                0x0800220d   Thumb Code    24  stm32f10x_usart.o(i.USART_Cmd)
    USART_ITConfig                           0x08002225   Thumb Code    74  stm32f10x_usart.o(i.USART_ITConfig)
    USART_Init                               0x08002271   Thumb Code   210  stm32f10x_usart.o(i.USART_Init)
    UsageFault_Handler                       0x08002349   Thumb Code     4  stm32f10x_it.o(i.UsageFault_Handler)
    __ARM_fpclassify                         0x0800234d   Thumb Code    40  fpclassify.o(i.__ARM_fpclassify)
    __kernel_poly                            0x08002375   Thumb Code   170  poly.o(i.__kernel_poly)
    __mathlib_dbl_infnan                     0x0800241f   Thumb Code     6  dunder.o(i.__mathlib_dbl_infnan)
    __mathlib_dbl_infnan2                    0x08002425   Thumb Code     4  dunder.o(i.__mathlib_dbl_infnan2)
    __mathlib_dbl_invalid                    0x08002429   Thumb Code    12  dunder.o(i.__mathlib_dbl_invalid)
    __mathlib_dbl_underflow                  0x08002435   Thumb Code    10  dunder.o(i.__mathlib_dbl_underflow)
    _is_digit                                0x08002445   Thumb Code    14  __printf_wp.o(i._is_digit)
    _sys_exit                                0x08002453   Thumb Code     4  usart.o(i._sys_exit)
    asin                                     0x08002501   Thumb Code   572  asin.o(i.asin)
    atan                                     0x08002771   Thumb Code   474  atan.o(i.atan)
    atan2                                    0x08002991   Thumb Code   346  atan2.o(i.atan2)
    delay_ms                                 0x08002b75   Thumb Code    24  delay.o(i.delay_ms)
    delay_us                                 0x08002b8d   Thumb Code    46  delay.o(i.delay_us)
    dmp_enable_6x_lp_quat                    0x08002bbb   Thumb Code    60  inv_mpu_dmp_motion_driver.o(i.dmp_enable_6x_lp_quat)
    dmp_enable_feature                       0x08002bf9   Thumb Code   530  inv_mpu_dmp_motion_driver.o(i.dmp_enable_feature)
    dmp_enable_gyro_cal                      0x08002e15   Thumb Code    62  inv_mpu_dmp_motion_driver.o(i.dmp_enable_gyro_cal)
    dmp_enable_lp_quat                       0x08002e6d   Thumb Code    60  inv_mpu_dmp_motion_driver.o(i.dmp_enable_lp_quat)
    dmp_load_motion_driver_firmware          0x08002ea9   Thumb Code    20  inv_mpu_dmp_motion_driver.o(i.dmp_load_motion_driver_firmware)
    dmp_read_fifo                            0x08002ec1   Thumb Code   456  inv_mpu_dmp_motion_driver.o(i.dmp_read_fifo)
    dmp_set_accel_bias                       0x0800308d   Thumb Code   300  inv_mpu_dmp_motion_driver.o(i.dmp_set_accel_bias)
    dmp_set_fifo_rate                        0x080031bd   Thumb Code    96  inv_mpu_dmp_motion_driver.o(i.dmp_set_fifo_rate)
    dmp_set_gyro_bias                        0x0800322d   Thumb Code   294  inv_mpu_dmp_motion_driver.o(i.dmp_set_gyro_bias)
    dmp_set_orientation                      0x0800335d   Thumb Code   290  inv_mpu_dmp_motion_driver.o(i.dmp_set_orientation)
    dmp_set_shake_reject_thresh              0x08003495   Thumb Code    56  inv_mpu_dmp_motion_driver.o(i.dmp_set_shake_reject_thresh)
    dmp_set_shake_reject_time                0x080034cd   Thumb Code    38  inv_mpu_dmp_motion_driver.o(i.dmp_set_shake_reject_time)
    dmp_set_shake_reject_timeout             0x080034f3   Thumb Code    38  inv_mpu_dmp_motion_driver.o(i.dmp_set_shake_reject_timeout)
    dmp_set_tap_axes                         0x08003519   Thumb Code    70  inv_mpu_dmp_motion_driver.o(i.dmp_set_tap_axes)
    dmp_set_tap_count                        0x0800355f   Thumb Code    38  inv_mpu_dmp_motion_driver.o(i.dmp_set_tap_count)
    dmp_set_tap_thresh                       0x08003585   Thumb Code   396  inv_mpu_dmp_motion_driver.o(i.dmp_set_tap_thresh)
    dmp_set_tap_time                         0x08003725   Thumb Code    38  inv_mpu_dmp_motion_driver.o(i.dmp_set_tap_time)
    dmp_set_tap_time_multi                   0x0800374b   Thumb Code    38  inv_mpu_dmp_motion_driver.o(i.dmp_set_tap_time_multi)
    fputc                                    0x08003771   Thumb Code    24  usart.o(i.fputc)
    inv_orientation_matrix_to_scalar         0x08003dc1   Thumb Code    40  inv_mpu.o(i.inv_orientation_matrix_to_scalar)
    inv_row_2_scale                          0x08003de9   Thumb Code    78  inv_mpu.o(i.inv_row_2_scale)
    main                                     0x08003e39   Thumb Code   202  main.o(i.main)
    mget_ms                                  0x08003f25   Thumb Code     2  inv_mpu.o(i.mget_ms)
    mpu_configure_fifo                       0x08003f29   Thumb Code   106  inv_mpu.o(i.mpu_configure_fifo)
    mpu_dmp_get_data                         0x08003f99   Thumb Code   544  inv_mpu.o(i.mpu_dmp_get_data)
    mpu_dmp_init                             0x080041bd   Thumb Code   148  inv_mpu.o(i.mpu_dmp_init)
    mpu_get_accel_fsr                        0x08004255   Thumb Code    72  inv_mpu.o(i.mpu_get_accel_fsr)
    mpu_get_accel_sens                       0x080042a1   Thumb Code    78  inv_mpu.o(i.mpu_get_accel_sens)
    mpu_get_fifo_config                      0x080042f5   Thumb Code    12  inv_mpu.o(i.mpu_get_fifo_config)
    mpu_get_gyro_fsr                         0x08004305   Thumb Code    64  inv_mpu.o(i.mpu_get_gyro_fsr)
    mpu_get_gyro_sens                        0x08004349   Thumb Code    58  inv_mpu.o(i.mpu_get_gyro_sens)
    mpu_get_lpf                              0x08004399   Thumb Code    74  inv_mpu.o(i.mpu_get_lpf)
    mpu_get_sample_rate                      0x080043e9   Thumb Code    26  inv_mpu.o(i.mpu_get_sample_rate)
    mpu_init                                 0x08004409   Thumb Code   416  inv_mpu.o(i.mpu_init)
    mpu_load_firmware                        0x080045f9   Thumb Code   180  inv_mpu.o(i.mpu_load_firmware)
    mpu_lp_accel_mode                        0x080046b1   Thumb Code   218  inv_mpu.o(i.mpu_lp_accel_mode)
    mpu_read_fifo_stream                     0x08004791   Thumb Code   186  inv_mpu.o(i.mpu_read_fifo_stream)
    mpu_read_mem                             0x08004851   Thumb Code   122  inv_mpu.o(i.mpu_read_mem)
    mpu_reset_fifo                           0x080048d1   Thumb Code   450  inv_mpu.o(i.mpu_reset_fifo)
    mpu_run_self_test                        0x08004a99   Thumb Code   278  inv_mpu.o(i.mpu_run_self_test)
    mpu_set_accel_fsr                        0x08004bb5   Thumb Code   126  inv_mpu.o(i.mpu_set_accel_fsr)
    mpu_set_bypass                           0x08004c39   Thumb Code   328  inv_mpu.o(i.mpu_set_bypass)
    mpu_set_dmp_state                        0x08004d85   Thumb Code   138  inv_mpu.o(i.mpu_set_dmp_state)
    mpu_set_gyro_fsr                         0x08004e15   Thumb Code   132  inv_mpu.o(i.mpu_set_gyro_fsr)
    mpu_set_int_latched                      0x08004e9d   Thumb Code   102  inv_mpu.o(i.mpu_set_int_latched)
    mpu_set_lpf                              0x08004f09   Thumb Code   126  inv_mpu.o(i.mpu_set_lpf)
    mpu_set_sample_rate                      0x08004f8d   Thumb Code   152  inv_mpu.o(i.mpu_set_sample_rate)
    mpu_set_sensors                          0x08005029   Thumb Code   202  inv_mpu.o(i.mpu_set_sensors)
    mpu_write_mem                            0x080050f9   Thumb Code   122  inv_mpu.o(i.mpu_write_mem)
    run_self_test                            0x08005179   Thumb Code   148  inv_mpu.o(i.run_self_test)
    sqrt                                     0x0800529d   Thumb Code    76  sqrt.o(i.sqrt)
    uart1_init                               0x080052e9   Thumb Code   124  usart.o(i.uart1_init)
    _get_lc_numeric                          0x0800536d   Thumb Code    44  lc_numeric_c.o(locale$$code)
    __aeabi_d2f                              0x08005399   Thumb Code     0  d2f.o(x$fpl$d2f)
    _d2f                                     0x08005399   Thumb Code    98  d2f.o(x$fpl$d2f)
    __aeabi_dadd                             0x080053fd   Thumb Code     0  daddsub_clz.o(x$fpl$dadd)
    _dadd                                    0x080053fd   Thumb Code   332  daddsub_clz.o(x$fpl$dadd)
    __fpl_dcheck_NaN1                        0x0800554d   Thumb Code    10  dcheck1.o(x$fpl$dcheck1)
    __aeabi_ddiv                             0x0800555d   Thumb Code     0  ddiv.o(x$fpl$ddiv)
    _ddiv                                    0x0800555d   Thumb Code   552  ddiv.o(x$fpl$ddiv)
    __aeabi_dmul                             0x0800580d   Thumb Code     0  dmul.o(x$fpl$dmul)
    _dmul                                    0x0800580d   Thumb Code   332  dmul.o(x$fpl$dmul)
    __fpl_dnaninf                            0x08005961   Thumb Code   156  dnaninf.o(x$fpl$dnaninf)
    __fpl_dretinf                            0x080059fd   Thumb Code    12  dretinf.o(x$fpl$dretinf)
    __aeabi_drsub                            0x08005a09   Thumb Code     0  daddsub_clz.o(x$fpl$drsb)
    _drsb                                    0x08005a09   Thumb Code    22  daddsub_clz.o(x$fpl$drsb)
    _dsqrt                                   0x08005a21   Thumb Code   456  dsqrt_noumaal.o(x$fpl$dsqrt)
    __aeabi_dsub                             0x08005bed   Thumb Code     0  daddsub_clz.o(x$fpl$dsub)
    _dsub                                    0x08005bed   Thumb Code   464  daddsub_clz.o(x$fpl$dsub)
    __aeabi_f2d                              0x08005dc1   Thumb Code     0  f2d.o(x$fpl$f2d)
    _f2d                                     0x08005dc1   Thumb Code    86  f2d.o(x$fpl$f2d)
    __aeabi_fadd                             0x08005e19   Thumb Code     0  faddsub_clz.o(x$fpl$fadd)
    _fadd                                    0x08005e19   Thumb Code   196  faddsub_clz.o(x$fpl$fadd)
    __fpl_fcmp_Inf                           0x08005edd   Thumb Code    24  fcmpi.o(x$fpl$fcmpinf)
    __aeabi_fdiv                             0x08005ef5   Thumb Code     0  fdiv.o(x$fpl$fdiv)
    _fdiv                                    0x08005ef5   Thumb Code   384  fdiv.o(x$fpl$fdiv)
    __aeabi_cfcmpeq                          0x08006079   Thumb Code     0  feqf.o(x$fpl$feqf)
    _fcmpeq                                  0x08006079   Thumb Code   104  feqf.o(x$fpl$feqf)
    __aeabi_f2iz                             0x080060e1   Thumb Code     0  ffix.o(x$fpl$ffix)
    _ffix                                    0x080060e1   Thumb Code    54  ffix.o(x$fpl$ffix)
    __aeabi_f2uiz                            0x08006119   Thumb Code     0  ffixu.o(x$fpl$ffixu)
    _ffixu                                   0x08006119   Thumb Code    62  ffixu.o(x$fpl$ffixu)
    __aeabi_i2f                              0x08006159   Thumb Code     0  fflt_clz.o(x$fpl$fflt)
    _fflt                                    0x08006159   Thumb Code    48  fflt_clz.o(x$fpl$fflt)
    __aeabi_ui2f                             0x08006189   Thumb Code     0  fflt_clz.o(x$fpl$ffltu)
    _ffltu                                   0x08006189   Thumb Code    38  fflt_clz.o(x$fpl$ffltu)
    __aeabi_cfcmple                          0x080061b1   Thumb Code     0  fleqf.o(x$fpl$fleqf)
    _fcmple                                  0x080061b1   Thumb Code   104  fleqf.o(x$fpl$fleqf)
    __fpl_fcmple_InfNaN                      0x08006203   Thumb Code     0  fleqf.o(x$fpl$fleqf)
    __aeabi_fmul                             0x08006219   Thumb Code     0  fmul.o(x$fpl$fmul)
    _fmul                                    0x08006219   Thumb Code   258  fmul.o(x$fpl$fmul)
    __fpl_fnaninf                            0x0800631b   Thumb Code   140  fnaninf.o(x$fpl$fnaninf)
    __fpl_fretinf                            0x080063a7   Thumb Code    10  fretinf.o(x$fpl$fretinf)
    __aeabi_cfrcmple                         0x080063b1   Thumb Code     0  frleqf.o(x$fpl$frleqf)
    _frcmple                                 0x080063b1   Thumb Code    98  frleqf.o(x$fpl$frleqf)
    __aeabi_fsub                             0x08006415   Thumb Code     0  faddsub_clz.o(x$fpl$fsub)
    _fsub                                    0x08006415   Thumb Code   234  faddsub_clz.o(x$fpl$fsub)
    _printf_fp_dec                           0x080064ff   Thumb Code     4  printf1.o(x$fpl$printf1)
    __fpl_return_NaN                         0x08006503   Thumb Code   100  retnan.o(x$fpl$retnan)
    __ARM_scalbn                             0x08006567   Thumb Code    92  scalbn.o(x$fpl$scalbn)
    __fpl_cmpreturn                          0x080065c3   Thumb Code    48  trapv.o(x$fpl$trapveneer)
    OLED_F8x16                               0x080065f2   Data        1520  oled.o(.constdata)
    __I$use$fp                               0x080065f2   Number         0  usenofp.o(x$fpl$usenofp)
    reg                                      0x08006be4   Data          27  inv_mpu.o(.constdata)
    hw                                       0x08006c00   Data          12  inv_mpu.o(.constdata)
    test                                     0x08006c0c   Data          40  inv_mpu.o(.constdata)
    __mathlib_zero                           0x08007928   Data           8  qnan.o(.constdata)
    Region$$Table$$Base                      0x08007a14   Number         0  anon$$obj.o(Region$$Table)
    Region$$Table$$Limit                     0x08007a34   Number         0  anon$$obj.o(Region$$Table)
    __stdout                                 0x20000014   Data           4  usart.o(.data)
    USART_RX_STA                             0x20000018   Data           1  usart.o(.data)
    pitch                                    0x2000001c   Data           4  main.o(.data)
    roll                                     0x20000020   Data           4  main.o(.data)
    yaw                                      0x20000024   Data           4  main.o(.data)
    __libspace_start                         0x20000070   Data          96  libspace.o(.bss)
    __temporary_stack_top$libspace           0x200000d0   Data           0  libspace.o(.bss)



==============================================================================

Memory Map of the image

  Image Entry point : 0x080000ed

  Load Region LR_IROM1 (Base: 0x08000000, Size: 0x00007ab0, Max: 0x00010000, ABSOLUTE)

    Execution Region ER_IROM1 (Exec base: 0x08000000, Load base: 0x08000000, Size: 0x00007a50, Max: 0x00010000, ABSOLUTE)

    Exec Addr    Load Addr    Size         Type   Attr      Idx    E Section Name        Object

    0x08000000   0x08000000   0x000000ec   Data   RO            3    RESET               startup_stm32f10x_md.o
    0x080000ec   0x080000ec   0x00000008   Code   RO         4459  * !!!main             c_w.l(__main.o)
    0x080000f4   0x080000f4   0x00000034   Code   RO         4823    !!!scatter          c_w.l(__scatter.o)
    0x08000128   0x08000128   0x0000001a   Code   RO         4825    !!handler_copy      c_w.l(__scatter_copy.o)
    0x08000142   0x08000142   0x00000002   PAD
    0x08000144   0x08000144   0x0000001c   Code   RO         4827    !!handler_zi        c_w.l(__scatter_zi.o)
    0x08000160   0x08000160   0x00000000   Code   RO         4452    .ARM.Collect$$_printf_percent$$00000000  c_w.l(_printf_percent.o)
    0x08000160   0x08000160   0x00000006   Code   RO         4451    .ARM.Collect$$_printf_percent$$00000003  c_w.l(_printf_f.o)
    0x08000166   0x08000166   0x00000006   Code   RO         4450    .ARM.Collect$$_printf_percent$$00000009  c_w.l(_printf_d.o)
    0x0800016c   0x0800016c   0x00000004   Code   RO         4532    .ARM.Collect$$_printf_percent$$00000017  c_w.l(_printf_percent_end.o)
    0x08000170   0x08000170   0x00000002   Code   RO         4690    .ARM.Collect$$libinit$$00000000  c_w.l(libinit.o)
    0x08000172   0x08000172   0x00000000   Code   RO         4692    .ARM.Collect$$libinit$$00000002  c_w.l(libinit2.o)
    0x08000172   0x08000172   0x00000000   Code   RO         4694    .ARM.Collect$$libinit$$00000004  c_w.l(libinit2.o)
    0x08000172   0x08000172   0x00000000   Code   RO         4697    .ARM.Collect$$libinit$$0000000A  c_w.l(libinit2.o)
    0x08000172   0x08000172   0x00000000   Code   RO         4699    .ARM.Collect$$libinit$$0000000C  c_w.l(libinit2.o)
    0x08000172   0x08000172   0x00000000   Code   RO         4701    .ARM.Collect$$libinit$$0000000E  c_w.l(libinit2.o)
    0x08000172   0x08000172   0x00000006   Code   RO         4702    .ARM.Collect$$libinit$$0000000F  c_w.l(libinit2.o)
    0x08000178   0x08000178   0x00000000   Code   RO         4704    .ARM.Collect$$libinit$$00000011  c_w.l(libinit2.o)
    0x08000178   0x08000178   0x00000000   Code   RO         4706    .ARM.Collect$$libinit$$00000013  c_w.l(libinit2.o)
    0x08000178   0x08000178   0x00000000   Code   RO         4708    .ARM.Collect$$libinit$$00000015  c_w.l(libinit2.o)
    0x08000178   0x08000178   0x0000000a   Code   RO         4709    .ARM.Collect$$libinit$$00000016  c_w.l(libinit2.o)
    0x08000182   0x08000182   0x00000000   Code   RO         4710    .ARM.Collect$$libinit$$00000017  c_w.l(libinit2.o)
    0x08000182   0x08000182   0x00000000   Code   RO         4712    .ARM.Collect$$libinit$$00000019  c_w.l(libinit2.o)
    0x08000182   0x08000182   0x00000000   Code   RO         4714    .ARM.Collect$$libinit$$0000001B  c_w.l(libinit2.o)
    0x08000182   0x08000182   0x00000000   Code   RO         4716    .ARM.Collect$$libinit$$0000001D  c_w.l(libinit2.o)
    0x08000182   0x08000182   0x00000000   Code   RO         4718    .ARM.Collect$$libinit$$0000001F  c_w.l(libinit2.o)
    0x08000182   0x08000182   0x00000000   Code   RO         4720    .ARM.Collect$$libinit$$00000021  c_w.l(libinit2.o)
    0x08000182   0x08000182   0x00000000   Code   RO         4722    .ARM.Collect$$libinit$$00000023  c_w.l(libinit2.o)
    0x08000182   0x08000182   0x00000000   Code   RO         4724    .ARM.Collect$$libinit$$00000025  c_w.l(libinit2.o)
    0x08000182   0x08000182   0x00000000   Code   RO         4728    .ARM.Collect$$libinit$$0000002C  c_w.l(libinit2.o)
    0x08000182   0x08000182   0x00000000   Code   RO         4730    .ARM.Collect$$libinit$$0000002E  c_w.l(libinit2.o)
    0x08000182   0x08000182   0x00000000   Code   RO         4732    .ARM.Collect$$libinit$$00000030  c_w.l(libinit2.o)
    0x08000182   0x08000182   0x00000000   Code   RO         4734    .ARM.Collect$$libinit$$00000032  c_w.l(libinit2.o)
    0x08000182   0x08000182   0x00000002   Code   RO         4735    .ARM.Collect$$libinit$$00000033  c_w.l(libinit2.o)
    0x08000184   0x08000184   0x00000002   Code   RO         4783    .ARM.Collect$$libshutdown$$00000000  c_w.l(libshutdown.o)
    0x08000186   0x08000186   0x00000000   Code   RO         4792    .ARM.Collect$$libshutdown$$00000002  c_w.l(libshutdown2.o)
    0x08000186   0x08000186   0x00000000   Code   RO         4794    .ARM.Collect$$libshutdown$$00000004  c_w.l(libshutdown2.o)
    0x08000186   0x08000186   0x00000000   Code   RO         4797    .ARM.Collect$$libshutdown$$00000007  c_w.l(libshutdown2.o)
    0x08000186   0x08000186   0x00000000   Code   RO         4800    .ARM.Collect$$libshutdown$$0000000A  c_w.l(libshutdown2.o)
    0x08000186   0x08000186   0x00000000   Code   RO         4802    .ARM.Collect$$libshutdown$$0000000C  c_w.l(libshutdown2.o)
    0x08000186   0x08000186   0x00000000   Code   RO         4805    .ARM.Collect$$libshutdown$$0000000F  c_w.l(libshutdown2.o)
    0x08000186   0x08000186   0x00000002   Code   RO         4806    .ARM.Collect$$libshutdown$$00000010  c_w.l(libshutdown2.o)
    0x08000188   0x08000188   0x00000000   Code   RO         4521    .ARM.Collect$$rtentry$$00000000  c_w.l(__rtentry.o)
    0x08000188   0x08000188   0x00000000   Code   RO         4596    .ARM.Collect$$rtentry$$00000002  c_w.l(__rtentry2.o)
    0x08000188   0x08000188   0x00000006   Code   RO         4608    .ARM.Collect$$rtentry$$00000004  c_w.l(__rtentry4.o)
    0x0800018e   0x0800018e   0x00000000   Code   RO         4598    .ARM.Collect$$rtentry$$00000009  c_w.l(__rtentry2.o)
    0x0800018e   0x0800018e   0x00000004   Code   RO         4599    .ARM.Collect$$rtentry$$0000000A  c_w.l(__rtentry2.o)
    0x08000192   0x08000192   0x00000000   Code   RO         4601    .ARM.Collect$$rtentry$$0000000C  c_w.l(__rtentry2.o)
    0x08000192   0x08000192   0x00000008   Code   RO         4602    .ARM.Collect$$rtentry$$0000000D  c_w.l(__rtentry2.o)
    0x0800019a   0x0800019a   0x00000002   Code   RO         4740    .ARM.Collect$$rtexit$$00000000  c_w.l(rtexit.o)
    0x0800019c   0x0800019c   0x00000000   Code   RO         4753    .ARM.Collect$$rtexit$$00000002  c_w.l(rtexit2.o)
    0x0800019c   0x0800019c   0x00000004   Code   RO         4754    .ARM.Collect$$rtexit$$00000003  c_w.l(rtexit2.o)
    0x080001a0   0x080001a0   0x00000006   Code   RO         4755    .ARM.Collect$$rtexit$$00000004  c_w.l(rtexit2.o)
    0x080001a6   0x080001a6   0x00000002   PAD
    0x080001a8   0x080001a8   0x00000040   Code   RO            4    .text               startup_stm32f10x_md.o
    0x080001e8   0x080001e8   0x00000002   Code   RO         4394    .text               c_w.l(use_no_semi_2.o)
    0x080001ea   0x080001ea   0x00000048   Code   RO         4396    .text               c_w.l(llsdiv.o)
    0x08000232   0x08000232   0x00000002   PAD
    0x08000234   0x08000234   0x00000018   Code   RO         4400    .text               c_w.l(noretval__2printf.o)
    0x0800024c   0x0800024c   0x00000078   Code   RO         4406    .text               c_w.l(_printf_dec.o)
    0x080002c4   0x080002c4   0x00000138   Code   RO         4441    .text               c_w.l(__printf_flags_wp.o)
    0x080003fc   0x080003fc   0x00000058   Code   RO         4453    .text               c_w.l(memcmp.o)
    0x08000454   0x08000454   0x00000010   Code   RO         4455    .text               c_w.l(aeabi_memset.o)
    0x08000464   0x08000464   0x00000006   Code   RO         4457    .text               c_w.l(heapauxi.o)
    0x0800046a   0x0800046a   0x00000002   Code   RO         4519    .text               c_w.l(use_no_semi.o)
    0x0800046c   0x0800046c   0x000000ee   Code   RO         4522    .text               c_w.l(lludivv7m.o)
    0x0800055a   0x0800055a   0x00000016   Code   RO         4524    .text               c_w.l(_rserrno.o)
    0x08000570   0x08000570   0x000000b2   Code   RO         4526    .text               c_w.l(_printf_intcommon.o)
    0x08000622   0x08000622   0x0000041e   Code   RO         4528    .text               c_w.l(_printf_fp_dec.o)
    0x08000a40   0x08000a40   0x00000024   Code   RO         4530    .text               c_w.l(_printf_char_file.o)
    0x08000a64   0x08000a64   0x00000044   Code   RO         4533    .text               c_w.l(rt_memclr.o)
    0x08000aa8   0x08000aa8   0x00000008   Code   RO         4617    .text               c_w.l(rt_locale_intlibspace.o)
    0x08000ab0   0x08000ab0   0x00000008   Code   RO         4622    .text               c_w.l(rt_errno_addr_intlibspace.o)
    0x08000ab8   0x08000ab8   0x0000008a   Code   RO         4624    .text               c_w.l(lludiv10.o)
    0x08000b42   0x08000b42   0x00000002   PAD
    0x08000b44   0x08000b44   0x00000030   Code   RO         4626    .text               c_w.l(_printf_char_common.o)
    0x08000b74   0x08000b74   0x00000080   Code   RO         4628    .text               c_w.l(_printf_fp_infnan.o)
    0x08000bf4   0x08000bf4   0x000000e4   Code   RO         4630    .text               c_w.l(bigflt0.o)
    0x08000cd8   0x08000cd8   0x00000008   Code   RO         4655    .text               c_w.l(ferror.o)
    0x08000ce0   0x08000ce0   0x0000004e   Code   RO         4662    .text               c_w.l(rt_memclr_w.o)
    0x08000d2e   0x08000d2e   0x00000002   PAD
    0x08000d30   0x08000d30   0x00000008   Code   RO         4672    .text               c_w.l(libspace.o)
    0x08000d38   0x08000d38   0x0000004a   Code   RO         4675    .text               c_w.l(sys_stackheap_outer.o)
    0x08000d82   0x08000d82   0x00000012   Code   RO         4681    .text               c_w.l(exit.o)
    0x08000d94   0x08000d94   0x00000080   Code   RO         4683    .text               c_w.l(strcmpv7m.o)
    0x08000e14   0x08000e14   0x0000003e   Code   RO         4633    CL$$btod_d2e        c_w.l(btod.o)
    0x08000e52   0x08000e52   0x00000046   Code   RO         4635    CL$$btod_d2e_denorm_low  c_w.l(btod.o)
    0x08000e98   0x08000e98   0x00000060   Code   RO         4634    CL$$btod_d2e_norm_op1  c_w.l(btod.o)
    0x08000ef8   0x08000ef8   0x00000338   Code   RO         4643    CL$$btod_div_common  c_w.l(btod.o)
    0x08001230   0x08001230   0x000000dc   Code   RO         4640    CL$$btod_e2e        c_w.l(btod.o)
    0x0800130c   0x0800130c   0x0000002a   Code   RO         4637    CL$$btod_ediv       c_w.l(btod.o)
    0x08001336   0x08001336   0x0000002a   Code   RO         4636    CL$$btod_emul       c_w.l(btod.o)
    0x08001360   0x08001360   0x00000244   Code   RO         4642    CL$$btod_mult_common  c_w.l(btod.o)
    0x080015a4   0x080015a4   0x00000004   Code   RO         3649    i.BusFault_Handler  stm32f10x_it.o
    0x080015a8   0x080015a8   0x00000002   Code   RO         3650    i.DebugMon_Handler  stm32f10x_it.o
    0x080015aa   0x080015aa   0x00000116   Code   RO         1347    i.GPIO_Init         stm32f10x_gpio.o
    0x080016c0   0x080016c0   0x0000000a   Code   RO         1358    i.GPIO_WriteBit     stm32f10x_gpio.o
    0x080016ca   0x080016ca   0x00000004   Code   RO         3651    i.HardFault_Handler  stm32f10x_it.o
    0x080016ce   0x080016ce   0x00000002   PAD
    0x080016d0   0x080016d0   0x0000002c   Code   RO         4320    i.MPU6050_IIC_SDA_IO_IN  mpuiic.o
    0x080016fc   0x080016fc   0x0000002c   Code   RO         4321    i.MPU6050_IIC_SDA_IO_OUT  mpuiic.o
    0x08001728   0x08001728   0x00000034   Code   RO         4322    i.MPU_IIC_Ack       mpuiic.o
    0x0800175c   0x0800175c   0x0000000a   Code   RO         4323    i.MPU_IIC_Delay     mpuiic.o
    0x08001766   0x08001766   0x00000002   PAD
    0x08001768   0x08001768   0x0000002c   Code   RO         4324    i.MPU_IIC_Init      mpuiic.o
    0x08001794   0x08001794   0x00000034   Code   RO         4325    i.MPU_IIC_NAck      mpuiic.o
    0x080017c8   0x080017c8   0x00000054   Code   RO         4326    i.MPU_IIC_Read_Byte  mpuiic.o
    0x0800181c   0x0800181c   0x00000048   Code   RO         4327    i.MPU_IIC_Send_Byte  mpuiic.o
    0x08001864   0x08001864   0x00000034   Code   RO         4328    i.MPU_IIC_Start     mpuiic.o
    0x08001898   0x08001898   0x00000030   Code   RO         4329    i.MPU_IIC_Stop      mpuiic.o
    0x080018c8   0x080018c8   0x0000004c   Code   RO         4330    i.MPU_IIC_Wait_Ack  mpuiic.o
    0x08001914   0x08001914   0x00000074   Code   RO         4242    i.MPU_Read_Len      mpu6050.o
    0x08001988   0x08001988   0x00000060   Code   RO         4248    i.MPU_Write_Len     mpu6050.o
    0x080019e8   0x080019e8   0x00000004   Code   RO         3652    i.MemManage_Handler  stm32f10x_it.o
    0x080019ec   0x080019ec   0x00000002   Code   RO         3653    i.NMI_Handler       stm32f10x_it.o
    0x080019ee   0x080019ee   0x0000002a   Code   RO         3474    i.OLED_Clear        oled.o
    0x08001a18   0x08001a18   0x00000050   Code   RO         3475    i.OLED_I2C_Init     oled.o
    0x08001a68   0x08001a68   0x00000054   Code   RO         3476    i.OLED_I2C_SendByte  oled.o
    0x08001abc   0x08001abc   0x00000034   Code   RO         3477    i.OLED_I2C_Start    oled.o
    0x08001af0   0x08001af0   0x00000028   Code   RO         3478    i.OLED_I2C_Stop     oled.o
    0x08001b18   0x08001b18   0x000000ae   Code   RO         3479    i.OLED_Init         oled.o
    0x08001bc6   0x08001bc6   0x00000014   Code   RO         3480    i.OLED_Pow          oled.o
    0x08001bda   0x08001bda   0x00000022   Code   RO         3481    i.OLED_SetCursor    oled.o
    0x08001bfc   0x08001bfc   0x00000074   Code   RO         3483    i.OLED_ShowChar     oled.o
    0x08001c70   0x08001c70   0x00000066   Code   RO         3486    i.OLED_ShowSignedNum  oled.o
    0x08001cd6   0x08001cd6   0x00000020   Code   RO         3488    i.OLED_WriteCommand  oled.o
    0x08001cf6   0x08001cf6   0x00000020   Code   RO         3489    i.OLED_WriteData    oled.o
    0x08001d16   0x08001d16   0x00000002   PAD
    0x08001d18   0x08001d18   0x000000b4   Code   RO         3582    i.PWM_Init          pwm.o
    0x08001dcc   0x08001dcc   0x00000010   Code   RO         3583    i.PWM_SetCompare2   pwm.o
    0x08001ddc   0x08001ddc   0x00000002   Code   RO         3654    i.PendSV_Handler    stm32f10x_it.o
    0x08001dde   0x08001dde   0x00000002   PAD
    0x08001de0   0x08001de0   0x00000020   Code   RO         1775    i.RCC_APB1PeriphClockCmd  stm32f10x_rcc.o
    0x08001e00   0x08001e00   0x00000020   Code   RO         1777    i.RCC_APB2PeriphClockCmd  stm32f10x_rcc.o
    0x08001e20   0x08001e20   0x000000d4   Code   RO         1785    i.RCC_GetClocksFreq  stm32f10x_rcc.o
    0x08001ef4   0x08001ef4   0x00000002   Code   RO         3655    i.SVC_Handler       stm32f10x_it.o
    0x08001ef6   0x08001ef6   0x00000008   Code   RO         3600    i.Servo_Init        servo.o
    0x08001efe   0x08001efe   0x00000002   PAD
    0x08001f00   0x08001f00   0x0000003c   Code   RO         3601    i.Servo_SetAngle    servo.o
    0x08001f3c   0x08001f3c   0x00000008   Code   RO           24    i.SetSysClock       system_stm32f10x.o
    0x08001f44   0x08001f44   0x000000e0   Code   RO           25    i.SetSysClockTo72   system_stm32f10x.o
    0x08002024   0x08002024   0x00000002   Code   RO         3656    i.SysTick_Handler   stm32f10x_it.o
    0x08002026   0x08002026   0x00000002   PAD
    0x08002028   0x08002028   0x00000060   Code   RO           27    i.SystemInit        system_stm32f10x.o
    0x08002088   0x08002088   0x00000018   Code   RO         2421    i.TIM_Cmd           stm32f10x_tim.o
    0x080020a0   0x080020a0   0x0000000c   Code   RO         2448    i.TIM_InternalClockConfig  stm32f10x_tim.o
    0x080020ac   0x080020ac   0x000000a4   Code   RO         2455    i.TIM_OC2Init       stm32f10x_tim.o
    0x08002150   0x08002150   0x00000014   Code   RO         2468    i.TIM_OCStructInit  stm32f10x_tim.o
    0x08002164   0x08002164   0x00000004   Code   RO         2483    i.TIM_SetCompare2   stm32f10x_tim.o
    0x08002168   0x08002168   0x000000a4   Code   RO         2492    i.TIM_TimeBaseInit  stm32f10x_tim.o
    0x0800220c   0x0800220c   0x00000018   Code   RO         2960    i.USART_Cmd         stm32f10x_usart.o
    0x08002224   0x08002224   0x0000004a   Code   RO         2966    i.USART_ITConfig    stm32f10x_usart.o
    0x0800226e   0x0800226e   0x00000002   PAD
    0x08002270   0x08002270   0x000000d8   Code   RO         2967    i.USART_Init        stm32f10x_usart.o
    0x08002348   0x08002348   0x00000004   Code   RO         3657    i.UsageFault_Handler  stm32f10x_it.o
    0x0800234c   0x0800234c   0x00000028   Code   RO         4582    i.__ARM_fpclassify  m_ws.l(fpclassify.o)
    0x08002374   0x08002374   0x000000aa   Code   RO         4584    i.__kernel_poly     m_ws.l(poly.o)
    0x0800241e   0x0800241e   0x00000006   Code   RO         4569    i.__mathlib_dbl_infnan  m_ws.l(dunder.o)
    0x08002424   0x08002424   0x00000004   Code   RO         4570    i.__mathlib_dbl_infnan2  m_ws.l(dunder.o)
    0x08002428   0x08002428   0x0000000c   Code   RO         4571    i.__mathlib_dbl_invalid  m_ws.l(dunder.o)
    0x08002434   0x08002434   0x00000010   Code   RO         4574    i.__mathlib_dbl_underflow  m_ws.l(dunder.o)
    0x08002444   0x08002444   0x0000000e   Code   RO         4439    i._is_digit         c_w.l(__printf_wp.o)
    0x08002452   0x08002452   0x00000004   Code   RO         3265    i._sys_exit         usart.o
    0x08002456   0x08002456   0x00000002   PAD
    0x08002458   0x08002458   0x000000a8   Code   RO         3712    i.accel_self_test   inv_mpu.o
    0x08002500   0x08002500   0x00000270   Code   RO         4502    i.asin              m_ws.l(asin.o)
    0x08002770   0x08002770   0x00000220   Code   RO         4559    i.atan              m_ws.l(atan.o)
    0x08002990   0x08002990   0x00000180   Code   RO         4512    i.atan2             m_ws.l(atan2.o)
    0x08002b10   0x08002b10   0x00000064   Code   RO         4056    i.decode_gesture    inv_mpu_dmp_motion_driver.o
    0x08002b74   0x08002b74   0x00000018   Code   RO         3196    i.delay_ms          delay.o
    0x08002b8c   0x08002b8c   0x0000002e   Code   RO         3198    i.delay_us          delay.o
    0x08002bba   0x08002bba   0x0000003c   Code   RO         4057    i.dmp_enable_6x_lp_quat  inv_mpu_dmp_motion_driver.o
    0x08002bf6   0x08002bf6   0x00000002   PAD
    0x08002bf8   0x08002bf8   0x0000021c   Code   RO         4058    i.dmp_enable_feature  inv_mpu_dmp_motion_driver.o
    0x08002e14   0x08002e14   0x00000058   Code   RO         4059    i.dmp_enable_gyro_cal  inv_mpu_dmp_motion_driver.o
    0x08002e6c   0x08002e6c   0x0000003c   Code   RO         4060    i.dmp_enable_lp_quat  inv_mpu_dmp_motion_driver.o
    0x08002ea8   0x08002ea8   0x00000018   Code   RO         4065    i.dmp_load_motion_driver_firmware  inv_mpu_dmp_motion_driver.o
    0x08002ec0   0x08002ec0   0x000001cc   Code   RO         4066    i.dmp_read_fifo     inv_mpu_dmp_motion_driver.o
    0x0800308c   0x0800308c   0x00000130   Code   RO         4069    i.dmp_set_accel_bias  inv_mpu_dmp_motion_driver.o
    0x080031bc   0x080031bc   0x00000070   Code   RO         4070    i.dmp_set_fifo_rate  inv_mpu_dmp_motion_driver.o
    0x0800322c   0x0800322c   0x00000130   Code   RO         4071    i.dmp_set_gyro_bias  inv_mpu_dmp_motion_driver.o
    0x0800335c   0x0800335c   0x00000138   Code   RO         4073    i.dmp_set_orientation  inv_mpu_dmp_motion_driver.o
    0x08003494   0x08003494   0x00000038   Code   RO         4076    i.dmp_set_shake_reject_thresh  inv_mpu_dmp_motion_driver.o
    0x080034cc   0x080034cc   0x00000026   Code   RO         4077    i.dmp_set_shake_reject_time  inv_mpu_dmp_motion_driver.o
    0x080034f2   0x080034f2   0x00000026   Code   RO         4078    i.dmp_set_shake_reject_timeout  inv_mpu_dmp_motion_driver.o
    0x08003518   0x08003518   0x00000046   Code   RO         4079    i.dmp_set_tap_axes  inv_mpu_dmp_motion_driver.o
    0x0800355e   0x0800355e   0x00000026   Code   RO         4080    i.dmp_set_tap_count  inv_mpu_dmp_motion_driver.o
    0x08003584   0x08003584   0x000001a0   Code   RO         4081    i.dmp_set_tap_thresh  inv_mpu_dmp_motion_driver.o
    0x08003724   0x08003724   0x00000026   Code   RO         4082    i.dmp_set_tap_time  inv_mpu_dmp_motion_driver.o
    0x0800374a   0x0800374a   0x00000026   Code   RO         4083    i.dmp_set_tap_time_multi  inv_mpu_dmp_motion_driver.o
    0x08003770   0x08003770   0x0000001c   Code   RO         3266    i.fputc             usart.o
    0x0800378c   0x0800378c   0x000000b4   Code   RO         3713    i.get_accel_prod_shift  inv_mpu.o
    0x08003840   0x08003840   0x00000470   Code   RO         3714    i.get_st_biases     inv_mpu.o
    0x08003cb0   0x08003cb0   0x00000110   Code   RO         3715    i.gyro_self_test    inv_mpu.o
    0x08003dc0   0x08003dc0   0x00000028   Code   RO         3716    i.inv_orientation_matrix_to_scalar  inv_mpu.o
    0x08003de8   0x08003de8   0x0000004e   Code   RO         3717    i.inv_row_2_scale   inv_mpu.o
    0x08003e36   0x08003e36   0x00000002   PAD
    0x08003e38   0x08003e38   0x000000ec   Code   RO         3621    i.main              main.o
    0x08003f24   0x08003f24   0x00000002   Code   RO         3718    i.mget_ms           inv_mpu.o
    0x08003f26   0x08003f26   0x00000002   PAD
    0x08003f28   0x08003f28   0x00000070   Code   RO         3719    i.mpu_configure_fifo  inv_mpu.o
    0x08003f98   0x08003f98   0x00000224   Code   RO         3720    i.mpu_dmp_get_data  inv_mpu.o
    0x080041bc   0x080041bc   0x00000098   Code   RO         3721    i.mpu_dmp_init      inv_mpu.o
    0x08004254   0x08004254   0x0000004c   Code   RO         3722    i.mpu_get_accel_fsr  inv_mpu.o
    0x080042a0   0x080042a0   0x00000054   Code   RO         3724    i.mpu_get_accel_sens  inv_mpu.o
    0x080042f4   0x080042f4   0x00000010   Code   RO         3729    i.mpu_get_fifo_config  inv_mpu.o
    0x08004304   0x08004304   0x00000044   Code   RO         3730    i.mpu_get_gyro_fsr  inv_mpu.o
    0x08004348   0x08004348   0x00000050   Code   RO         3732    i.mpu_get_gyro_sens  inv_mpu.o
    0x08004398   0x08004398   0x00000050   Code   RO         3734    i.mpu_get_lpf       inv_mpu.o
    0x080043e8   0x080043e8   0x00000020   Code   RO         3736    i.mpu_get_sample_rate  inv_mpu.o
    0x08004408   0x08004408   0x000001f0   Code   RO         3738    i.mpu_init          inv_mpu.o
    0x080045f8   0x080045f8   0x000000b8   Code   RO         3739    i.mpu_load_firmware  inv_mpu.o
    0x080046b0   0x080046b0   0x000000e0   Code   RO         3740    i.mpu_lp_accel_mode  inv_mpu.o
    0x08004790   0x08004790   0x000000c0   Code   RO         3743    i.mpu_read_fifo_stream  inv_mpu.o
    0x08004850   0x08004850   0x00000080   Code   RO         3744    i.mpu_read_mem      inv_mpu.o
    0x080048d0   0x080048d0   0x000001c8   Code   RO         3747    i.mpu_reset_fifo    inv_mpu.o
    0x08004a98   0x08004a98   0x0000011c   Code   RO         3748    i.mpu_run_self_test  inv_mpu.o
    0x08004bb4   0x08004bb4   0x00000084   Code   RO         3750    i.mpu_set_accel_fsr  inv_mpu.o
    0x08004c38   0x08004c38   0x0000014c   Code   RO         3751    i.mpu_set_bypass    inv_mpu.o
    0x08004d84   0x08004d84   0x00000090   Code   RO         3753    i.mpu_set_dmp_state  inv_mpu.o
    0x08004e14   0x08004e14   0x00000088   Code   RO         3754    i.mpu_set_gyro_fsr  inv_mpu.o
    0x08004e9c   0x08004e9c   0x0000006c   Code   RO         3755    i.mpu_set_int_latched  inv_mpu.o
    0x08004f08   0x08004f08   0x00000084   Code   RO         3757    i.mpu_set_lpf       inv_mpu.o
    0x08004f8c   0x08004f8c   0x0000009c   Code   RO         3758    i.mpu_set_sample_rate  inv_mpu.o
    0x08005028   0x08005028   0x000000d0   Code   RO         3759    i.mpu_set_sensors   inv_mpu.o
    0x080050f8   0x080050f8   0x00000080   Code   RO         3760    i.mpu_write_mem     inv_mpu.o
    0x08005178   0x08005178   0x00000094   Code   RO         3761    i.run_self_test     inv_mpu.o
    0x0800520c   0x0800520c   0x00000090   Code   RO         3762    i.set_int_enable    inv_mpu.o
    0x0800529c   0x0800529c   0x0000004c   Code   RO         4588    i.sqrt              m_ws.l(sqrt.o)
    0x080052e8   0x080052e8   0x00000084   Code   RO         3267    i.uart1_init        usart.o
    0x0800536c   0x0800536c   0x0000002c   Code   RO         4660    locale$$code        c_w.l(lc_numeric_c.o)
    0x08005398   0x08005398   0x00000062   Code   RO         4461    x$fpl$d2f           fz_ws.l(d2f.o)
    0x080053fa   0x080053fa   0x00000002   PAD
    0x080053fc   0x080053fc   0x00000150   Code   RO         4535    x$fpl$dadd          fz_ws.l(daddsub_clz.o)
    0x0800554c   0x0800554c   0x00000010   Code   RO         4664    x$fpl$dcheck1       fz_ws.l(dcheck1.o)
    0x0800555c   0x0800555c   0x000002b0   Code   RO         4542    x$fpl$ddiv          fz_ws.l(ddiv.o)
    0x0800580c   0x0800580c   0x00000154   Code   RO         4463    x$fpl$dmul          fz_ws.l(dmul.o)
    0x08005960   0x08005960   0x0000009c   Code   RO         4545    x$fpl$dnaninf       fz_ws.l(dnaninf.o)
    0x080059fc   0x080059fc   0x0000000c   Code   RO         4547    x$fpl$dretinf       fz_ws.l(dretinf.o)
    0x08005a08   0x08005a08   0x00000016   Code   RO         4536    x$fpl$drsb          fz_ws.l(daddsub_clz.o)
    0x08005a1e   0x08005a1e   0x00000002   PAD
    0x08005a20   0x08005a20   0x000001cc   Code   RO         4668    x$fpl$dsqrt         fz_ws.l(dsqrt_noumaal.o)
    0x08005bec   0x08005bec   0x000001d4   Code   RO         4537    x$fpl$dsub          fz_ws.l(daddsub_clz.o)
    0x08005dc0   0x08005dc0   0x00000056   Code   RO         4465    x$fpl$f2d           fz_ws.l(f2d.o)
    0x08005e16   0x08005e16   0x00000002   PAD
    0x08005e18   0x08005e18   0x000000c4   Code   RO         4467    x$fpl$fadd          fz_ws.l(faddsub_clz.o)
    0x08005edc   0x08005edc   0x00000018   Code   RO         4549    x$fpl$fcmpinf       fz_ws.l(fcmpi.o)
    0x08005ef4   0x08005ef4   0x00000184   Code   RO         4474    x$fpl$fdiv          fz_ws.l(fdiv.o)
    0x08006078   0x08006078   0x00000068   Code   RO         4477    x$fpl$feqf          fz_ws.l(feqf.o)
    0x080060e0   0x080060e0   0x00000036   Code   RO         4479    x$fpl$ffix          fz_ws.l(ffix.o)
    0x08006116   0x08006116   0x00000002   PAD
    0x08006118   0x08006118   0x0000003e   Code   RO         4483    x$fpl$ffixu         fz_ws.l(ffixu.o)
    0x08006156   0x08006156   0x00000002   PAD
    0x08006158   0x08006158   0x00000030   Code   RO         4488    x$fpl$fflt          fz_ws.l(fflt_clz.o)
    0x08006188   0x08006188   0x00000026   Code   RO         4487    x$fpl$ffltu         fz_ws.l(fflt_clz.o)
    0x080061ae   0x080061ae   0x00000002   PAD
    0x080061b0   0x080061b0   0x00000068   Code   RO         4493    x$fpl$fleqf         fz_ws.l(fleqf.o)
    0x08006218   0x08006218   0x00000102   Code   RO         4495    x$fpl$fmul          fz_ws.l(fmul.o)
    0x0800631a   0x0800631a   0x0000008c   Code   RO         4551    x$fpl$fnaninf       fz_ws.l(fnaninf.o)
    0x080063a6   0x080063a6   0x0000000a   Code   RO         4553    x$fpl$fretinf       fz_ws.l(fretinf.o)
    0x080063b0   0x080063b0   0x00000062   Code   RO         4497    x$fpl$frleqf        fz_ws.l(frleqf.o)
    0x08006412   0x08006412   0x00000002   PAD
    0x08006414   0x08006414   0x000000ea   Code   RO         4469    x$fpl$fsub          fz_ws.l(faddsub_clz.o)
    0x080064fe   0x080064fe   0x00000004   Code   RO         4499    x$fpl$printf1       fz_ws.l(printf1.o)
    0x08006502   0x08006502   0x00000064   Code   RO         4738    x$fpl$retnan        fz_ws.l(retnan.o)
    0x08006566   0x08006566   0x0000005c   Code   RO         4555    x$fpl$scalbn        fz_ws.l(scalbn.o)
    0x080065c2   0x080065c2   0x00000030   Code   RO         4750    x$fpl$trapveneer    fz_ws.l(trapv.o)
    0x080065f2   0x080065f2   0x00000000   Code   RO         4557    x$fpl$usenofp       fz_ws.l(usenofp.o)
    0x080065f2   0x080065f2   0x000005f0   Data   RO         3490    .constdata          oled.o
    0x08006be2   0x08006be2   0x00000002   PAD
    0x08006be4   0x08006be4   0x00000050   Data   RO         3764    .constdata          inv_mpu.o
    0x08006c34   0x08006c34   0x00000bf6   Data   RO         4085    .constdata          inv_mpu_dmp_motion_driver.o
    0x0800782a   0x0800782a   0x00000011   Data   RO         4442    .constdata          c_w.l(__printf_flags_wp.o)
    0x0800783b   0x0800783b   0x00000005   PAD
    0x08007840   0x08007840   0x00000050   Data   RO         4503    .constdata          m_ws.l(asin.o)
    0x08007890   0x08007890   0x00000098   Data   RO         4560    .constdata          m_ws.l(atan.o)
    0x08007928   0x08007928   0x00000008   Data   RO         4586    .constdata          m_ws.l(qnan.o)
    0x08007930   0x08007930   0x00000094   Data   RO         4631    .constdata          c_w.l(bigflt0.o)
    0x080079c4   0x080079c4   0x0000004d   Data   RO         3765    .conststring        inv_mpu.o
    0x08007a11   0x08007a11   0x00000003   PAD
    0x08007a14   0x08007a14   0x00000020   Data   RO         4821    Region$$Table       anon$$obj.o
    0x08007a34   0x08007a34   0x0000001c   Data   RO         4659    locale$$data        c_w.l(lc_numeric_c.o)


    Execution Region RW_IRAM1 (Exec base: 0x20000000, Load base: 0x08007a50, Size: 0x000006d0, Max: 0x00005000, ABSOLUTE)

    Exec Addr    Load Addr    Size         Type   Attr      Idx    E Section Name        Object

    0x20000000   0x08007a50   0x00000014   Data   RW         1805    .data               stm32f10x_rcc.o
    0x20000014   0x08007a64   0x00000005   Data   RW         3269    .data               usart.o
    0x20000019   0x08007a69   0x00000003   PAD
    0x2000001c   0x08007a6c   0x0000000c   Data   RW         3622    .data               main.o
    0x20000028   0x08007a78   0x00000035   Data   RW         3766    .data               inv_mpu.o
    0x2000005d   0x08007aad   0x00000003   PAD
    0x20000060        -       0x00000010   Zero   RW         4084    .bss                inv_mpu_dmp_motion_driver.o
    0x20000070        -       0x00000060   Zero   RW         4673    .bss                c_w.l(libspace.o)
    0x200000d0        -       0x00000200   Zero   RW            2    HEAP                startup_stm32f10x_md.o
    0x200002d0        -       0x00000400   Zero   RW            1    STACK               startup_stm32f10x_md.o


==============================================================================

Image component sizes


      Code (inc. data)   RO Data    RW Data    ZI Data      Debug   Object Name

         0          0          0          0          0       4500   core_cm3.o
        70          0          0          0          0        922   delay.o
      6856        288        157         53          0      29888   inv_mpu.o
      3096        122       3062          0         16      20006   inv_mpu_dmp_motion_driver.o
       236         34          0         12          0        732   main.o
         0          0          0          0          0     201680   misc.o
       212          0          0          0          0       1887   mpu6050.o
       578         84          0          0          0       5351   mpuiic.o
       808         22       1520          0          0       6961   oled.o
       196         10          0          0          0       1101   pwm.o
        68         12          0          0          0        926   servo.o
        64         26        236          0       1536        820   startup_stm32f10x_md.o
       288          0          0          0          0      10744   stm32f10x_gpio.o
        26          0          0          0          0       3730   stm32f10x_it.o
       276         32          0         20          0      12970   stm32f10x_rcc.o
       388         52          0          0          0      24074   stm32f10x_tim.o
       314          6          0          0          0       9534   stm32f10x_usart.o
       328         28          0          0          0      18869   system_stm32f10x.o
       164         12          0          5          0     239641   usart.o

    ----------------------------------------------------------------------
     13990        728       5012         96       1552     594336   Object Totals
         0          0         32          0          0          0   (incl. Generated)
        22          0          5          6          0          0   (incl. Padding)

    ----------------------------------------------------------------------

      Code (inc. data)   RO Data    RW Data    ZI Data      Debug   Library Member Name

         8          0          0          0          0         68   __main.o
       312          4         17          0          0         92   __printf_flags_wp.o
        14          0          0          0          0         68   __printf_wp.o
         0          0          0          0          0          0   __rtentry.o
        12          0          0          0          0          0   __rtentry2.o
         6          0          0          0          0          0   __rtentry4.o
        52          8          0          0          0          0   __scatter.o
        26          0          0          0          0          0   __scatter_copy.o
        28          0          0          0          0          0   __scatter_zi.o
        48          6          0          0          0         96   _printf_char_common.o
        36          4          0          0          0         80   _printf_char_file.o
         6          0          0          0          0          0   _printf_d.o
       120         16          0          0          0         92   _printf_dec.o
         6          0          0          0          0          0   _printf_f.o
      1054          0          0          0          0        216   _printf_fp_dec.o
       128         16          0          0          0         84   _printf_fp_infnan.o
       178          0          0          0          0         88   _printf_intcommon.o
         0          0          0          0          0          0   _printf_percent.o
         4          0          0          0          0          0   _printf_percent_end.o
        22          0          0          0          0        100   _rserrno.o
        16          0          0          0          0         68   aeabi_memset.o
       228          4        148          0          0         96   bigflt0.o
      1936        128          0          0          0        672   btod.o
        18          0          0          0          0         80   exit.o
         8          0          0          0          0         68   ferror.o
         6          0          0          0          0        152   heapauxi.o
        44         10         28          0          0         76   lc_numeric_c.o
         2          0          0          0          0          0   libinit.o
        18          0          0          0          0          0   libinit2.o
         2          0          0          0          0          0   libshutdown.o
         2          0          0          0          0          0   libshutdown2.o
         8          4          0          0         96         68   libspace.o
        72          0          0          0          0         76   llsdiv.o
       138          0          0          0          0         80   lludiv10.o
       238          0          0          0          0        100   lludivv7m.o
        88          0          0          0          0         76   memcmp.o
        24          4          0          0          0         84   noretval__2printf.o
         8          4          0          0          0         68   rt_errno_addr_intlibspace.o
         8          4          0          0          0         68   rt_locale_intlibspace.o
        68          0          0          0          0         68   rt_memclr.o
        78          0          0          0          0         80   rt_memclr_w.o
         2          0          0          0          0          0   rtexit.o
        10          0          0          0          0          0   rtexit2.o
       128          0          0          0          0         68   strcmpv7m.o
        74          0          0          0          0         80   sys_stackheap_outer.o
         2          0          0          0          0         68   use_no_semi.o
         2          0          0          0          0         68   use_no_semi_2.o
        98          4          0          0          0         92   d2f.o
       826         16          0          0          0        348   daddsub_clz.o
        16          4          0          0          0         68   dcheck1.o
       688        140          0          0          0        208   ddiv.o
       340         12          0          0          0        104   dmul.o
       156          4          0          0          0         92   dnaninf.o
        12          0          0          0          0         68   dretinf.o
       460         56          0          0          0        120   dsqrt_noumaal.o
        86          4          0          0          0         84   f2d.o
       430          8          0          0          0        168   faddsub_clz.o
        24          0          0          0          0         68   fcmpi.o
       388         76          0          0          0         96   fdiv.o
       104          4          0          0          0         84   feqf.o
        54          4          0          0          0         84   ffix.o
        62          4          0          0          0         84   ffixu.o
        86          0          0          0          0        136   fflt_clz.o
       104          4          0          0          0         84   fleqf.o
       258          4          0          0          0         84   fmul.o
       140          4          0          0          0         84   fnaninf.o
        10          0          0          0          0         68   fretinf.o
        98          0          0          0          0         68   frleqf.o
         4          0          0          0          0         68   printf1.o
       100          0          0          0          0         68   retnan.o
        92          0          0          0          0         68   scalbn.o
        48          0          0          0          0         68   trapv.o
         0          0          0          0          0          0   usenofp.o
       624         52         80          0          0        168   asin.o
       544         70        152          0          0        124   atan.o
       384         38          0          0          0        144   atan2.o
        38          6          0          0          0        272   dunder.o
        40          0          0          0          0         68   fpclassify.o
       170          0          0          0          0         96   poly.o
         0          0          8          0          0          0   qnan.o
        76          0          0          0          0         84   sqrt.o

    ----------------------------------------------------------------------
     11872        726        438          0         96       6768   Library Totals
        24          0          5          0          0          0   (incl. Padding)

    ----------------------------------------------------------------------

      Code (inc. data)   RO Data    RW Data    ZI Data      Debug   Library Name

      5288        212        193          0         96       3248   c_w.l
      4684        348          0          0          0       2564   fz_ws.l
      1876        166        240          0          0        956   m_ws.l

    ----------------------------------------------------------------------
     11872        726        438          0         96       6768   Library Totals

    ----------------------------------------------------------------------

==============================================================================


      Code (inc. data)   RO Data    RW Data    ZI Data      Debug   

     25862       1454       5450         96       1648     591532   Grand Totals
     25862       1454       5450         96       1648     591532   ELF Image Totals
     25862       1454       5450         96          0          0   ROM Totals

==============================================================================

    Total RO  Size (Code + RO Data)                31312 (  30.58kB)
    Total RW  Size (RW Data + ZI Data)              1744 (   1.70kB)
    Total ROM Size (Code + RO Data + RW Data)      31408 (  30.67kB)

==============================================================================

